15:19:36 **** Clean-only build of configuration DebugLLVM_NS for project k22ptmin_xt ****
make -j8 clean 
rm -rf  k22ptmin_xt.siz  ./Static_Code/System/CPU_Init.o ./Static_Code/System/Peripherals_Init.o ./Static_Code/System/Vectors.o  ./Sources/Events.o ./Sources/main.o ./Sources/min_services.o ./Sources/ptcore_scheduler.o ./Sources/ptmain_cpp.o ./Sources/pttask_test.o ./Sources/report_cycles.o  ./Project_Settings/Startup_Code/startup.o  ./Generated_Code/Bit1.o ./Generated_Code/BitIoLdd1.o ./Generated_Code/Cpu.o ./Generated_Code/PE_LDD.o ./Generated_Code/pin_mux.o  ./Static_Code/System/CPU_Init.d ./Static_Code/System/Peripherals_Init.d ./Static_Code/System/Vectors.d  ./Sources/Events.d ./Sources/main.d ./Sources/report_cycles.d  ./Project_Settings/Startup_Code/startup.d  ./Generated_Code/Bit1.d ./Generated_Code/BitIoLdd1.d ./Generated_Code/Cpu.d ./Generated_Code/PE_LDD.d ./Generated_Code/pin_mux.d  ./Sources/min_services.d ./Sources/ptcore_scheduler.d ./Sources/ptmain_cpp.d ./Sources/pttask_test.d  k22ptmin_xt.elf
 
15:19:39 **** Build of configuration DebugLLVM_NS for project k22ptmin_xt ****
make -j8 all 
Building file: ../Static_Code/System/CPU_Init.c
Building file: ../Static_Code/System/Peripherals_Init.c
Invoking: Cross ARM C Compiler
clang -mcpu=cortex-m4 -mthumb -mfloat-abi=hard -mfpu=fpv4-sp-d16 -O3 -fmessage-length=0 -fsigned-char -ffunction-sections -fdata-sections  -g3 -DCONFIG_LLVM_NS -DPTBUILD_MINIMAL -DPTBUILD_NO_SCHEDULER -DPTBUILD_EXTERNAL_TIMER -I"E:/Source/repos/coro-mc-wwl-code/k22ptmin_xt/Static_Code/System" -I"E:/Source/repos/coro-mc-wwl-code/k22ptmin_xt/Static_Code/PDD" -I"E:/Source/repos/coro-mc-wwl-code/k22ptmin_xt/Static_Code/IO_Map" -I"E:\Freescale\KDS_v3\eclipse\ProcessorExpert/lib/Kinetis/pdd/inc" -I"E:/Source/repos/coro-mc-wwl-code/k22ptmin_xt/Sources" -I"E:/Source/repos/coro-mc-wwl-code/k22ptmin_xt/Generated_Code" -I"C:\Program Files (x86)\GNU Tools ARM Embedded\6 2017-q1-update\arm-none-eabi\include" -I"E:/Source/repos/coro-mc-wwl-code/k22ptmin_xt/../Shared/Include" -std=c99 -fshort-enums -target armv7m-none-eabi -MMD -MP -MF"Static_Code/System/CPU_Init.d" -MT"Static_Code/System/CPU_Init.o" -c -o "Static_Code/System/CPU_Init.o" "../Static_Code/System/CPU_Init.c"
Invoking: Cross ARM C Compiler
clang -mcpu=cortex-m4 -mthumb -mfloat-abi=hard -mfpu=fpv4-sp-d16 -O3 -fmessage-length=0 -fsigned-char -ffunction-sections -fdata-sections  -g3 -DCONFIG_LLVM_NS -DPTBUILD_MINIMAL -DPTBUILD_NO_SCHEDULER -DPTBUILD_EXTERNAL_TIMER -I"E:/Source/repos/coro-mc-wwl-code/k22ptmin_xt/Static_Code/System" -I"E:/Source/repos/coro-mc-wwl-code/k22ptmin_xt/Static_Code/PDD" -I"E:/Source/repos/coro-mc-wwl-code/k22ptmin_xt/Static_Code/IO_Map" -I"E:\Freescale\KDS_v3\eclipse\ProcessorExpert/lib/Kinetis/pdd/inc" -I"E:/Source/repos/coro-mc-wwl-code/k22ptmin_xt/Sources" -I"E:/Source/repos/coro-mc-wwl-code/k22ptmin_xt/Generated_Code" -I"C:\Program Files (x86)\GNU Tools ARM Embedded\6 2017-q1-update\arm-none-eabi\include" -I"E:/Source/repos/coro-mc-wwl-code/k22ptmin_xt/../Shared/Include" -std=c99 -fshort-enums -target armv7m-none-eabi -MMD -MP -MF"Static_Code/System/Peripherals_Init.d" -MT"Static_Code/System/Peripherals_Init.o" -c -o "Static_Code/System/Peripherals_Init.o" "../Static_Code/System/Peripherals_Init.c"
Building file: ../Static_Code/System/Vectors.c
Building file: ../Sources/Events.c
Invoking: Cross ARM C Compiler
clang -mcpu=cortex-m4 -mthumb -mfloat-abi=hard -mfpu=fpv4-sp-d16 -O3 -fmessage-length=0 -fsigned-char -ffunction-sections -fdata-sections  -g3 -DCONFIG_LLVM_NS -DPTBUILD_MINIMAL -DPTBUILD_NO_SCHEDULER -DPTBUILD_EXTERNAL_TIMER -I"E:/Source/repos/coro-mc-wwl-code/k22ptmin_xt/Static_Code/System" -I"E:/Source/repos/coro-mc-wwl-code/k22ptmin_xt/Static_Code/PDD" -I"E:/Source/repos/coro-mc-wwl-code/k22ptmin_xt/Static_Code/IO_Map" -I"E:\Freescale\KDS_v3\eclipse\ProcessorExpert/lib/Kinetis/pdd/inc" -I"E:/Source/repos/coro-mc-wwl-code/k22ptmin_xt/Sources" -I"E:/Source/repos/coro-mc-wwl-code/k22ptmin_xt/Generated_Code" -I"C:\Program Files (x86)\GNU Tools ARM Embedded\6 2017-q1-update\arm-none-eabi\include" -I"E:/Source/repos/coro-mc-wwl-code/k22ptmin_xt/../Shared/Include" -std=c99 -fshort-enums -target armv7m-none-eabi -MMD -MP -MF"Static_Code/System/Vectors.d" -MT"Static_Code/System/Vectors.o" -c -o "Static_Code/System/Vectors.o" "../Static_Code/System/Vectors.c"
Invoking: Cross ARM C Compiler
clang -mcpu=cortex-m4 -mthumb -mfloat-abi=hard -mfpu=fpv4-sp-d16 -O3 -fmessage-length=0 -fsigned-char -ffunction-sections -fdata-sections  -g3 -DCONFIG_LLVM_NS -DPTBUILD_MINIMAL -DPTBUILD_NO_SCHEDULER -DPTBUILD_EXTERNAL_TIMER -I"E:/Source/repos/coro-mc-wwl-code/k22ptmin_xt/Static_Code/System" -I"E:/Source/repos/coro-mc-wwl-code/k22ptmin_xt/Static_Code/PDD" -I"E:/Source/repos/coro-mc-wwl-code/k22ptmin_xt/Static_Code/IO_Map" -I"E:\Freescale\KDS_v3\eclipse\ProcessorExpert/lib/Kinetis/pdd/inc" -I"E:/Source/repos/coro-mc-wwl-code/k22ptmin_xt/Sources" -I"E:/Source/repos/coro-mc-wwl-code/k22ptmin_xt/Generated_Code" -I"C:\Program Files (x86)\GNU Tools ARM Embedded\6 2017-q1-update\arm-none-eabi\include" -I"E:/Source/repos/coro-mc-wwl-code/k22ptmin_xt/../Shared/Include" -std=c99 -fshort-enums -target armv7m-none-eabi -MMD -MP -MF"Sources/Events.d" -MT"Sources/Events.o" -c -o "Sources/Events.o" "../Sources/Events.c"
Building file: ../Sources/main.c
Building file: E:/Source/repos/coro-mc-wwl-code/Shared/Sources/min_services.cpp
Invoking: Cross ARM C Compiler
clang -mcpu=cortex-m4 -mthumb -mfloat-abi=hard -mfpu=fpv4-sp-d16 -O3 -fmessage-length=0 -fsigned-char -ffunction-sections -fdata-sections  -g3 -DCONFIG_LLVM_NS -DPTBUILD_MINIMAL -DPTBUILD_NO_SCHEDULER -DPTBUILD_EXTERNAL_TIMER -I"E:/Source/repos/coro-mc-wwl-code/k22ptmin_xt/Static_Code/System" -I"E:/Source/repos/coro-mc-wwl-code/k22ptmin_xt/Static_Code/PDD" -I"E:/Source/repos/coro-mc-wwl-code/k22ptmin_xt/Static_Code/IO_Map" -I"E:\Freescale\KDS_v3\eclipse\ProcessorExpert/lib/Kinetis/pdd/inc" -I"E:/Source/repos/coro-mc-wwl-code/k22ptmin_xt/Sources" -I"E:/Source/repos/coro-mc-wwl-code/k22ptmin_xt/Generated_Code" -I"C:\Program Files (x86)\GNU Tools ARM Embedded\6 2017-q1-update\arm-none-eabi\include" -I"E:/Source/repos/coro-mc-wwl-code/k22ptmin_xt/../Shared/Include" -std=c99 -fshort-enums -target armv7m-none-eabi -MMD -MP -MF"Sources/main.d" -MT"Sources/main.o" -c -o "Sources/main.o" "../Sources/main.c"
Invoking: Cross ARM C++ Compiler
clang++ -mcpu=cortex-m4 -mthumb -mfloat-abi=hard -mfpu=fpv4-sp-d16 -O3 -fmessage-length=0 -fsigned-char -ffunction-sections -fdata-sections  -g3 -DCONFIG_LLVM_NS -DPTBUILD_MINIMAL -DPTBUILD_NO_SCHEDULER -DUNUSED_TASK_COUNT=0 -DPTBUILD_EXTERNAL_TIMER -I"E:/Source/repos/coro-mc-wwl-code/k22ptmin_xt/Static_Code/System" -I"E:/Source/repos/coro-mc-wwl-code/k22ptmin_xt/../ptShared/ptInclude" -I"E:/Source/repos/coro-mc-wwl-code/k22ptmin_xt/Static_Code/PDD" -I"E:/Source/repos/coro-mc-wwl-code/k22ptmin_xt/Static_Code/IO_Map" -I"E:\Freescale\KDS_v3\eclipse\ProcessorExpert/lib/Kinetis/pdd/inc" -I"E:/Source/repos/coro-mc-wwl-code/k22ptmin_xt/Sources" -I"E:/Source/repos/coro-mc-wwl-code/k22ptmin_xt/Generated_Code" -I"C:\Program Files (x86)\GNU Tools ARM Embedded\6 2017-q1-update\arm-none-eabi\include\c++\6.3.1\arm-none-eabi" -I"C:\Program Files (x86)\GNU Tools ARM Embedded\6 2017-q1-update\arm-none-eabi\include\c++\6.3.1" -I"C:\Program Files (x86)\GNU Tools ARM Embedded\6 2017-q1-update\arm-none-eabi\include" -I"E:/Source/repos/coro-mc-wwl-code/k22ptmin_xt/../Shared/Include" -I"E:/Source/repos/coro-mc-wwl-code/k22ptmin_xt/../Shared/IncludeARM" -fno-exceptions -fno-rtti -fno-use-cxa-atexit -fno-threadsafe-statics -fshort-enums -target armv7m-none-eabi "-fcoroutines-ts" "-stdlib=libc++" -std=c++14 -MMD -MP -MF"Sources/min_services.d" -MT"Sources/min_services.o" -c -o "Sources/min_services.o" "E:/Source/repos/coro-mc-wwl-code/Shared/Sources/min_services.cpp"
Building file: E:/Source/repos/coro-mc-wwl-code/ptShared/ptSources/ptcore_scheduler.cpp
Building file: E:/Source/repos/coro-mc-wwl-code/ptShared/ptSources/ptmain_cpp.cpp
Invoking: Cross ARM C++ Compiler
clang++ -mcpu=cortex-m4 -mthumb -mfloat-abi=hard -mfpu=fpv4-sp-d16 -O3 -fmessage-length=0 -fsigned-char -ffunction-sections -fdata-sections  -g3 -DCONFIG_LLVM_NS -DPTBUILD_MINIMAL -DPTBUILD_NO_SCHEDULER -DUNUSED_TASK_COUNT=0 -DPTBUILD_EXTERNAL_TIMER -I"E:/Source/repos/coro-mc-wwl-code/k22ptmin_xt/Static_Code/System" -I"E:/Source/repos/coro-mc-wwl-code/k22ptmin_xt/../ptShared/ptInclude" -I"E:/Source/repos/coro-mc-wwl-code/k22ptmin_xt/Static_Code/PDD" -I"E:/Source/repos/coro-mc-wwl-code/k22ptmin_xt/Static_Code/IO_Map" -I"E:\Freescale\KDS_v3\eclipse\ProcessorExpert/lib/Kinetis/pdd/inc" -I"E:/Source/repos/coro-mc-wwl-code/k22ptmin_xt/Sources" -I"E:/Source/repos/coro-mc-wwl-code/k22ptmin_xt/Generated_Code" -I"C:\Program Files (x86)\GNU Tools ARM Embedded\6 2017-q1-update\arm-none-eabi\include\c++\6.3.1\arm-none-eabi" -I"C:\Program Files (x86)\GNU Tools ARM Embedded\6 2017-q1-update\arm-none-eabi\include\c++\6.3.1" -I"C:\Program Files (x86)\GNU Tools ARM Embedded\6 2017-q1-update\arm-none-eabi\include" -I"E:/Source/repos/coro-mc-wwl-code/k22ptmin_xt/../Shared/Include" -I"E:/Source/repos/coro-mc-wwl-code/k22ptmin_xt/../Shared/IncludeARM" -fno-exceptions -fno-rtti -fno-use-cxa-atexit -fno-threadsafe-statics -fshort-enums -target armv7m-none-eabi "-fcoroutines-ts" "-stdlib=libc++" -std=c++14 -MMD -MP -MF"Sources/ptcore_scheduler.d" -MT"Sources/ptcore_scheduler.o" -c -o "Sources/ptcore_scheduler.o" "E:/Source/repos/coro-mc-wwl-code/ptShared/ptSources/ptcore_scheduler.cpp"
Invoking: Cross ARM C++ Compiler
clang++ -mcpu=cortex-m4 -mthumb -mfloat-abi=hard -mfpu=fpv4-sp-d16 -O3 -fmessage-length=0 -fsigned-char -ffunction-sections -fdata-sections  -g3 -DCONFIG_LLVM_NS -DPTBUILD_MINIMAL -DPTBUILD_NO_SCHEDULER -DUNUSED_TASK_COUNT=0 -DPTBUILD_EXTERNAL_TIMER -I"E:/Source/repos/coro-mc-wwl-code/k22ptmin_xt/Static_Code/System" -I"E:/Source/repos/coro-mc-wwl-code/k22ptmin_xt/../ptShared/ptInclude" -I"E:/Source/repos/coro-mc-wwl-code/k22ptmin_xt/Static_Code/PDD" -I"E:/Source/repos/coro-mc-wwl-code/k22ptmin_xt/Static_Code/IO_Map" -I"E:\Freescale\KDS_v3\eclipse\ProcessorExpert/lib/Kinetis/pdd/inc" -I"E:/Source/repos/coro-mc-wwl-code/k22ptmin_xt/Sources" -I"E:/Source/repos/coro-mc-wwl-code/k22ptmin_xt/Generated_Code" -I"C:\Program Files (x86)\GNU Tools ARM Embedded\6 2017-q1-update\arm-none-eabi\include\c++\6.3.1\arm-none-eabi" -I"C:\Program Files (x86)\GNU Tools ARM Embedded\6 2017-q1-update\arm-none-eabi\include\c++\6.3.1" -I"C:\Program Files (x86)\GNU Tools ARM Embedded\6 2017-q1-update\arm-none-eabi\include" -I"E:/Source/repos/coro-mc-wwl-code/k22ptmin_xt/../Shared/Include" -I"E:/Source/repos/coro-mc-wwl-code/k22ptmin_xt/../Shared/IncludeARM" -fno-exceptions -fno-rtti -fno-use-cxa-atexit -fno-threadsafe-statics -fshort-enums -target armv7m-none-eabi "-fcoroutines-ts" "-stdlib=libc++" -std=c++14 -MMD -MP -MF"Sources/ptmain_cpp.d" -MT"Sources/ptmain_cpp.o" -c -o "Sources/ptmain_cpp.o" "E:/Source/repos/coro-mc-wwl-code/ptShared/ptSources/ptmain_cpp.cpp"
clang++: warning: argument unused during compilation: '-stdlib=libc++' [-Wunused-command-line-argument]
clang++: warning: argument unused during compilation: '-stdlib=libc++' [-Wunused-command-line-argument]
clang++: warning: argument unused during compilation: '-stdlib=libc++' [-Wunused-command-line-argument]
../Static_Code/System/CPU_Init.c:602:40: warning: use of logical '||' with constant operand [-Wconstant-logical-operand]
      if ((MCG_C1 & (MCG_C1_IREFS_MASK || MCG_C1_IRCLKEN_MASK)) != 0x00U) { /* Is internal reference clock active? */      
                                       ^  ~~~~~~~~~~~~~~~~~~~
../Static_Code/System/CPU_Init.c:602:40: note: use '|' for a bitwise operation
      if ((MCG_C1 & (MCG_C1_IREFS_MASK || MCG_C1_IRCLKEN_MASK)) != 0x00U) { /* Is internal reference clock active? */      
                                       ^~
                                       |
1 warning generated.
Finished building: ../Static_Code/System/Vectors.c
E:/Source/repos/coro-mc-wwl-code/Shared/Sources/min_services.cpp:11:10: fatal error: 'services.h' file not found
#include "services.h"
         ^~~~~~~~~~~~
1 error generated.
Finished building: ../Static_Code/System/CPU_Init.c
Finished building: ../Static_Code/System/Peripherals_Init.c
Finished building: ../Sources/Events.c
Sources/subdir.mk:44: recipe for target 'Sources/min_services.o' failed
make: *** [Sources/min_services.o] Error 1
make: *** Waiting for unfinished jobs....
Finished building: ../Sources/main.c
 
 
 
 
 
In file included from E:/Source/repos/coro-mc-wwl-code/ptShared/ptSources/ptmain_cpp.cpp:92:
In file included from E:/Source/repos/coro-mc-wwl-code/k22ptmin_xt/Generated_Code\Bit1.h:84:
E:/Source/repos/coro-mc-wwl-code/k22ptmin_xt/Generated_Code/PE_Types.h:240:27: warning: 'register' storage class specifier is deprecated and incompatible with C++17 [-Wdeprecated-register]
extern void PE_FillMemory(register void* SourceAddressPtr, register uint8_t c, register uint32_t len);
                          ^~~~~~~~~
E:/Source/repos/coro-mc-wwl-code/k22ptmin_xt/Generated_Code/PE_Types.h:240:60: warning: 'register' storage class specifier is deprecated and incompatible with C++17 [-Wdeprecated-register]
extern void PE_FillMemory(register void* SourceAddressPtr, register uint8_t c, register uint32_t len);
                                                           ^~~~~~~~~
E:/Source/repos/coro-mc-wwl-code/k22ptmin_xt/Generated_Code/PE_Types.h:240:80: warning: 'register' storage class specifier is deprecated and incompatible with C++17 [-Wdeprecated-register]
extern void PE_FillMemory(register void* SourceAddressPtr, register uint8_t c, register uint32_t len);
                                                                               ^~~~~~~~~
3 warnings generated.
Finished building: E:/Source/repos/coro-mc-wwl-code/ptShared/ptSources/ptmain_cpp.cpp
 
Finished building: E:/Source/repos/coro-mc-wwl-code/ptShared/ptSources/ptcore_scheduler.cpp
 
15:20:39 **** Incremental Build of configuration DebugLLVM_NS for project k22ptmin_xt ****
make -j8 all 
Building file: E:/Source/repos/coro-mc-wwl-code/Shared/Sources/min_services.cpp
Building file: E:/Source/repos/coro-mc-wwl-code/ptShared/ptSources/pttask_test.cpp
Invoking: Cross ARM C++ Compiler
clang++ -mcpu=cortex-m4 -mthumb -mfloat-abi=hard -mfpu=fpv4-sp-d16 -O3 -fmessage-length=0 -fsigned-char -ffunction-sections -fdata-sections  -g3 -DCONFIG_LLVM_NS -DPTBUILD_MINIMAL -DPTBUILD_NO_SCHEDULER -DUNUSED_TASK_COUNT=0 -DPTBUILD_EXTERNAL_TIMER -I"E:/Source/repos/coro-mc-wwl-code/k22ptmin_xt/Static_Code/System" -I"E:/Source/repos/coro-mc-wwl-code/k22ptmin_xt/../ptShared/ptInclude" -I"E:/Source/repos/coro-mc-wwl-code/k22ptmin_xt/Static_Code/PDD" -I"E:/Source/repos/coro-mc-wwl-code/k22ptmin_xt/Static_Code/IO_Map" -I"E:\Freescale\KDS_v3\eclipse\ProcessorExpert/lib/Kinetis/pdd/inc" -I"E:/Source/repos/coro-mc-wwl-code/k22ptmin_xt/Sources" -I"E:/Source/repos/coro-mc-wwl-code/k22ptmin_xt/Generated_Code" -I"C:\Program Files (x86)\GNU Tools ARM Embedded\6 2017-q1-update\arm-none-eabi\include\c++\6.3.1\arm-none-eabi" -I"C:\Program Files (x86)\GNU Tools ARM Embedded\6 2017-q1-update\arm-none-eabi\include\c++\6.3.1" -I"C:\Program Files (x86)\GNU Tools ARM Embedded\6 2017-q1-update\arm-none-eabi\include" -I"E:/Source/repos/coro-mc-wwl-code/k22ptmin_xt/../Shared/Include" -I"E:/Source/repos/coro-mc-wwl-code/k22ptmin_xt/../Shared/IncludeARM" -fno-exceptions -fno-rtti -fno-use-cxa-atexit -fno-threadsafe-statics -fshort-enums -target armv7m-none-eabi "-fcoroutines-ts" "-stdlib=libc++" -std=c++14 -MMD -MP -MF"Sources/min_services.d" -MT"Sources/min_services.o" -c -o "Sources/min_services.o" "E:/Source/repos/coro-mc-wwl-code/Shared/Sources/min_services.cpp"
Invoking: Cross ARM C++ Compiler
clang++ -mcpu=cortex-m4 -mthumb -mfloat-abi=hard -mfpu=fpv4-sp-d16 -O3 -fmessage-length=0 -fsigned-char -ffunction-sections -fdata-sections  -g3 -DCONFIG_LLVM_NS -DPTBUILD_MINIMAL -DPTBUILD_NO_SCHEDULER -DUNUSED_TASK_COUNT=0 -DPTBUILD_EXTERNAL_TIMER -I"E:/Source/repos/coro-mc-wwl-code/k22ptmin_xt/Static_Code/System" -I"E:/Source/repos/coro-mc-wwl-code/k22ptmin_xt/../ptShared/ptInclude" -I"E:/Source/repos/coro-mc-wwl-code/k22ptmin_xt/Static_Code/PDD" -I"E:/Source/repos/coro-mc-wwl-code/k22ptmin_xt/Static_Code/IO_Map" -I"E:\Freescale\KDS_v3\eclipse\ProcessorExpert/lib/Kinetis/pdd/inc" -I"E:/Source/repos/coro-mc-wwl-code/k22ptmin_xt/Sources" -I"E:/Source/repos/coro-mc-wwl-code/k22ptmin_xt/Generated_Code" -I"C:\Program Files (x86)\GNU Tools ARM Embedded\6 2017-q1-update\arm-none-eabi\include\c++\6.3.1\arm-none-eabi" -I"C:\Program Files (x86)\GNU Tools ARM Embedded\6 2017-q1-update\arm-none-eabi\include\c++\6.3.1" -I"C:\Program Files (x86)\GNU Tools ARM Embedded\6 2017-q1-update\arm-none-eabi\include" -I"E:/Source/repos/coro-mc-wwl-code/k22ptmin_xt/../Shared/Include" -I"E:/Source/repos/coro-mc-wwl-code/k22ptmin_xt/../Shared/IncludeARM" -fno-exceptions -fno-rtti -fno-use-cxa-atexit -fno-threadsafe-statics -fshort-enums -target armv7m-none-eabi "-fcoroutines-ts" "-stdlib=libc++" -std=c++14 -MMD -MP -MF"Sources/pttask_test.d" -MT"Sources/pttask_test.o" -c -o "Sources/pttask_test.o" "E:/Source/repos/coro-mc-wwl-code/ptShared/ptSources/pttask_test.cpp"
Building file: ../Project_Settings/Startup_Code/startup.c
Building file: ../Generated_Code/Bit1.c
Invoking: Cross ARM C Compiler
clang -mcpu=cortex-m4 -mthumb -mfloat-abi=hard -mfpu=fpv4-sp-d16 -O3 -fmessage-length=0 -fsigned-char -ffunction-sections -fdata-sections  -g3 -DCONFIG_LLVM_NS -DPTBUILD_MINIMAL -DPTBUILD_NO_SCHEDULER -DPTBUILD_EXTERNAL_TIMER -I"E:/Source/repos/coro-mc-wwl-code/k22ptmin_xt/Static_Code/System" -I"E:/Source/repos/coro-mc-wwl-code/k22ptmin_xt/Static_Code/PDD" -I"E:/Source/repos/coro-mc-wwl-code/k22ptmin_xt/Static_Code/IO_Map" -I"E:\Freescale\KDS_v3\eclipse\ProcessorExpert/lib/Kinetis/pdd/inc" -I"E:/Source/repos/coro-mc-wwl-code/k22ptmin_xt/Sources" -I"E:/Source/repos/coro-mc-wwl-code/k22ptmin_xt/Generated_Code" -I"C:\Program Files (x86)\GNU Tools ARM Embedded\6 2017-q1-update\arm-none-eabi\include" -I"E:/Source/repos/coro-mc-wwl-code/k22ptmin_xt/../Shared/Include" -std=c99 -fshort-enums -target armv7m-none-eabi -MMD -MP -MF"Project_Settings/Startup_Code/startup.d" -MT"Project_Settings/Startup_Code/startup.o" -c -o "Project_Settings/Startup_Code/startup.o" "../Project_Settings/Startup_Code/startup.c"
Invoking: Cross ARM C Compiler
clang -mcpu=cortex-m4 -mthumb -mfloat-abi=hard -mfpu=fpv4-sp-d16 -O3 -fmessage-length=0 -fsigned-char -ffunction-sections -fdata-sections  -g3 -DCONFIG_LLVM_NS -DPTBUILD_MINIMAL -DPTBUILD_NO_SCHEDULER -DPTBUILD_EXTERNAL_TIMER -I"E:/Source/repos/coro-mc-wwl-code/k22ptmin_xt/Static_Code/System" -I"E:/Source/repos/coro-mc-wwl-code/k22ptmin_xt/Static_Code/PDD" -I"E:/Source/repos/coro-mc-wwl-code/k22ptmin_xt/Static_Code/IO_Map" -I"E:\Freescale\KDS_v3\eclipse\ProcessorExpert/lib/Kinetis/pdd/inc" -I"E:/Source/repos/coro-mc-wwl-code/k22ptmin_xt/Sources" -I"E:/Source/repos/coro-mc-wwl-code/k22ptmin_xt/Generated_Code" -I"C:\Program Files (x86)\GNU Tools ARM Embedded\6 2017-q1-update\arm-none-eabi\include" -I"E:/Source/repos/coro-mc-wwl-code/k22ptmin_xt/../Shared/Include" -std=c99 -fshort-enums -target armv7m-none-eabi -MMD -MP -MF"Generated_Code/Bit1.d" -MT"Generated_Code/Bit1.o" -c -o "Generated_Code/Bit1.o" "../Generated_Code/Bit1.c"
Building file: ../Generated_Code/BitIoLdd1.c
Building file: ../Generated_Code/Cpu.c
Invoking: Cross ARM C Compiler
Invoking: Cross ARM C Compiler
clang -mcpu=cortex-m4 -mthumb -mfloat-abi=hard -mfpu=fpv4-sp-d16 -O3 -fmessage-length=0 -fsigned-char -ffunction-sections -fdata-sections  -g3 -DCONFIG_LLVM_NS -DPTBUILD_MINIMAL -DPTBUILD_NO_SCHEDULER -DPTBUILD_EXTERNAL_TIMER -I"E:/Source/repos/coro-mc-wwl-code/k22ptmin_xt/Static_Code/System" -I"E:/Source/repos/coro-mc-wwl-code/k22ptmin_xt/Static_Code/PDD" -I"E:/Source/repos/coro-mc-wwl-code/k22ptmin_xt/Static_Code/IO_Map" -I"E:\Freescale\KDS_v3\eclipse\ProcessorExpert/lib/Kinetis/pdd/inc" -I"E:/Source/repos/coro-mc-wwl-code/k22ptmin_xt/Sources" -I"E:/Source/repos/coro-mc-wwl-code/k22ptmin_xt/Generated_Code" -I"C:\Program Files (x86)\GNU Tools ARM Embedded\6 2017-q1-update\arm-none-eabi\include" -I"E:/Source/repos/coro-mc-wwl-code/k22ptmin_xt/../Shared/Include" -std=c99 -fshort-enums -target armv7m-none-eabi -MMD -MP -MF"Generated_Code/BitIoLdd1.d" -MT"Generated_Code/BitIoLdd1.o" -c -o "Generated_Code/BitIoLdd1.o" "../Generated_Code/BitIoLdd1.c"
Building file: ../Generated_Code/PE_LDD.c
clang -mcpu=cortex-m4 -mthumb -mfloat-abi=hard -mfpu=fpv4-sp-d16 -O3 -fmessage-length=0 -fsigned-char -ffunction-sections -fdata-sections  -g3 -DCONFIG_LLVM_NS -DPTBUILD_MINIMAL -DPTBUILD_NO_SCHEDULER -DPTBUILD_EXTERNAL_TIMER -I"E:/Source/repos/coro-mc-wwl-code/k22ptmin_xt/Static_Code/System" -I"E:/Source/repos/coro-mc-wwl-code/k22ptmin_xt/Static_Code/PDD" -I"E:/Source/repos/coro-mc-wwl-code/k22ptmin_xt/Static_Code/IO_Map" -I"E:\Freescale\KDS_v3\eclipse\ProcessorExpert/lib/Kinetis/pdd/inc" -I"E:/Source/repos/coro-mc-wwl-code/k22ptmin_xt/Sources" -I"E:/Source/repos/coro-mc-wwl-code/k22ptmin_xt/Generated_Code" -I"C:\Program Files (x86)\GNU Tools ARM Embedded\6 2017-q1-update\arm-none-eabi\include" -I"E:/Source/repos/coro-mc-wwl-code/k22ptmin_xt/../Shared/Include" -std=c99 -fshort-enums -target armv7m-none-eabi -MMD -MP -MF"Generated_Code/Cpu.d" -MT"Generated_Code/Cpu.o" -c -o "Generated_Code/Cpu.o" "../Generated_Code/Cpu.c"
Invoking: Cross ARM C Compiler
clang -mcpu=cortex-m4 -mthumb -mfloat-abi=hard -mfpu=fpv4-sp-d16 -O3 -fmessage-length=0 -fsigned-char -ffunction-sections -fdata-sections  -g3 -DCONFIG_LLVM_NS -DPTBUILD_MINIMAL -DPTBUILD_NO_SCHEDULER -DPTBUILD_EXTERNAL_TIMER -I"E:/Source/repos/coro-mc-wwl-code/k22ptmin_xt/Static_Code/System" -I"E:/Source/repos/coro-mc-wwl-code/k22ptmin_xt/Static_Code/PDD" -I"E:/Source/repos/coro-mc-wwl-code/k22ptmin_xt/Static_Code/IO_Map" -I"E:\Freescale\KDS_v3\eclipse\ProcessorExpert/lib/Kinetis/pdd/inc" -I"E:/Source/repos/coro-mc-wwl-code/k22ptmin_xt/Sources" -I"E:/Source/repos/coro-mc-wwl-code/k22ptmin_xt/Generated_Code" -I"C:\Program Files (x86)\GNU Tools ARM Embedded\6 2017-q1-update\arm-none-eabi\include" -I"E:/Source/repos/coro-mc-wwl-code/k22ptmin_xt/../Shared/Include" -std=c99 -fshort-enums -target armv7m-none-eabi -MMD -MP -MF"Generated_Code/PE_LDD.d" -MT"Generated_Code/PE_LDD.o" -c -o "Generated_Code/PE_LDD.o" "../Generated_Code/PE_LDD.c"
Building file: ../Generated_Code/pin_mux.c
Invoking: Cross ARM C Compiler
clang -mcpu=cortex-m4 -mthumb -mfloat-abi=hard -mfpu=fpv4-sp-d16 -O3 -fmessage-length=0 -fsigned-char -ffunction-sections -fdata-sections  -g3 -DCONFIG_LLVM_NS -DPTBUILD_MINIMAL -DPTBUILD_NO_SCHEDULER -DPTBUILD_EXTERNAL_TIMER -I"E:/Source/repos/coro-mc-wwl-code/k22ptmin_xt/Static_Code/System" -I"E:/Source/repos/coro-mc-wwl-code/k22ptmin_xt/Static_Code/PDD" -I"E:/Source/repos/coro-mc-wwl-code/k22ptmin_xt/Static_Code/IO_Map" -I"E:\Freescale\KDS_v3\eclipse\ProcessorExpert/lib/Kinetis/pdd/inc" -I"E:/Source/repos/coro-mc-wwl-code/k22ptmin_xt/Sources" -I"E:/Source/repos/coro-mc-wwl-code/k22ptmin_xt/Generated_Code" -I"C:\Program Files (x86)\GNU Tools ARM Embedded\6 2017-q1-update\arm-none-eabi\include" -I"E:/Source/repos/coro-mc-wwl-code/k22ptmin_xt/../Shared/Include" -std=c99 -fshort-enums -target armv7m-none-eabi -MMD -MP -MF"Generated_Code/pin_mux.d" -MT"Generated_Code/pin_mux.o" -c -o "Generated_Code/pin_mux.o" "../Generated_Code/pin_mux.c"
clang++: warning: argument unused during compilation: '-stdlib=libc++' [-Wunused-command-line-argument]
clang++: warning: argument unused during compilation: '-stdlib=libc++' [-Wunused-command-line-argument]
../Generated_Code/Cpu.c:170:3: warning: call to function without interrupt attribute could clobber interruptee's VFP registers [-Wextra]
  Cpu_OnNMI();
  ^
1 warning generated.
Finished building: E:/Source/repos/coro-mc-wwl-code/ptShared/ptSources/pttask_test.cpp
Finished building: E:/Source/repos/coro-mc-wwl-code/Shared/Sources/min_services.cpp
Finished building: ../Generated_Code/Bit1.c
Finished building: ../Generated_Code/BitIoLdd1.c
Finished building: ../Generated_Code/Cpu.c
 
 
Finished building: ../Project_Settings/Startup_Code/startup.c
 
 
 
 
Finished building: ../Generated_Code/PE_LDD.c
 
Finished building: ../Generated_Code/pin_mux.c
 
Building target: k22ptmin_xt.elf
Invoking: Cross ARM C++ Linker
arm-none-eabi-g++ -mcpu=cortex-m4 -mthumb -mfloat-abi=hard -mfpu=fpv4-sp-d16 -O3 -fmessage-length=0 -fsigned-char -ffunction-sections -fdata-sections  -g3 -T "E:/Source/repos/coro-mc-wwl-code/k22ptmin_xt/Project_Settings/Linker_Files/ProcessorExpert.ld" -Xlinker --gc-sections -L"E:/Source/repos/coro-mc-wwl-code/k22ptmin_xt/Project_Settings/Linker_Files" -Wl,-Map,"k22ptmin_xt.map" -specs=nano.specs -specs=nosys.specs -o "k22ptmin_xt.elf"  ./Static_Code/System/CPU_Init.o ./Static_Code/System/Peripherals_Init.o ./Static_Code/System/Vectors.o  ./Sources/Events.o ./Sources/main.o ./Sources/min_services.o ./Sources/ptcore_scheduler.o ./Sources/ptmain_cpp.o ./Sources/pttask_test.o  ./Project_Settings/Startup_Code/startup.o  ./Generated_Code/Bit1.o ./Generated_Code/BitIoLdd1.o ./Generated_Code/Cpu.o ./Generated_Code/PE_LDD.o ./Generated_Code/pin_mux.o   
Finished building target: k22ptmin_xt.elf
 
Invoking: Cross ARM GNU Print Size
arm-none-eabi-size --format=berkeley "k22ptmin_xt.elf"
   text	   data	    bss	    dec	    hex	filename
   3012	    140	   1060	   4212	   1074	k22ptmin_xt.elf
Finished building: k22ptmin_xt.siz
 
15:31:57 **** Incremental Build of configuration DebugLLVM_NS for project k22ptmin_xt ****
make -j8 all 
Invoking: Cross ARM GNU Print Size
arm-none-eabi-size --format=berkeley "k22ptmin_xt.elf"
   text	   data	    bss	    dec	    hex	filename
   3012	    140	   1060	   4212	   1074	k22ptmin_xt.elf
Finished building: k22ptmin_xt.siz
 
15:32:30 **** Incremental Build of configuration DebugLLVM_NS for project k22ptmin_xt ****
make -j8 all 
Invoking: Cross ARM GNU Print Size
arm-none-eabi-size --format=berkeley "k22ptmin_xt.elf"
   text	   data	    bss	    dec	    hex	filename
   3012	    140	   1060	   4212	   1074	k22ptmin_xt.elf
Finished building: k22ptmin_xt.siz
 
15:33:05 **** Incremental Build of configuration DebugLLVM_NS for project k22ptmin_xt ****
make -j8 all 
Invoking: Cross ARM GNU Print Size
arm-none-eabi-size --format=berkeley "k22ptmin_xt.elf"
   text	   data	    bss	    dec	    hex	filename
   3012	    140	   1060	   4212	   1074	k22ptmin_xt.elf
Finished building: k22ptmin_xt.siz
 
15:34:34 **** Incremental Build of configuration DebugLLVM_NS for project k22ptmin_xt ****
make -j8 all 
Invoking: Cross ARM GNU Print Size
arm-none-eabi-size --format=berkeley "k22ptmin_xt.elf"
   text	   data	    bss	    dec	    hex	filename
   3012	    140	   1060	   4212	   1074	k22ptmin_xt.elf
Finished building: k22ptmin_xt.siz
 
15:36:41 **** Incremental Build of configuration DebugLLVM_NS for project k22ptmin_xt ****
make -j8 all 
Invoking: Cross ARM GNU Print Size
arm-none-eabi-size --format=berkeley "k22ptmin_xt.elf"
   text	   data	    bss	    dec	    hex	filename
   3012	    140	   1060	   4212	   1074	k22ptmin_xt.elf
Finished building: k22ptmin_xt.siz
 
15:38:38 **** Incremental Build of configuration DebugLLVM_NS for project k22ptmin_xt ****
make -j8 all 
Invoking: Cross ARM GNU Print Size
arm-none-eabi-size --format=berkeley "k22ptmin_xt.elf"
   text	   data	    bss	    dec	    hex	filename
   3012	    140	   1060	   4212	   1074	k22ptmin_xt.elf
Finished building: k22ptmin_xt.siz
 
15:38:52 **** Incremental Build of configuration DebugLLVM_NS for project k22ptmin_xt ****
make -j8 all 
Invoking: Cross ARM GNU Print Size
arm-none-eabi-size --format=berkeley "k22ptmin_xt.elf"
   text	   data	    bss	    dec	    hex	filename
   3012	    140	   1060	   4212	   1074	k22ptmin_xt.elf
Finished building: k22ptmin_xt.siz
 
15:44:43 **** Incremental Build of configuration DebugLLVM_NS for project k22ptmin_xt ****
make -j8 all 
Invoking: Cross ARM GNU Print Size
arm-none-eabi-size --format=berkeley "k22ptmin_xt.elf"
   text	   data	    bss	    dec	    hex	filename
   3012	    140	   1060	   4212	   1074	k22ptmin_xt.elf
Finished building: k22ptmin_xt.siz
 
15:48:08 **** Incremental Build of configuration Debug for project k22awaitmin_xt ****
make all 
Building file: ../Static_Code/System/CPU_Init.c
Invoking: Cross ARM C Compiler
arm-none-eabi-gcc -mcpu=cortex-m4 -mthumb -mfloat-abi=hard -mfpu=fpv4-sp-d16 -O0 -fmessage-length=0 -fsigned-char -ffunction-sections -fdata-sections  -g3 -I"E:/Source/repos/coro-mc-wwl-code/k22awaitmin_xt/Static_Code/System" -I"E:/Source/repos/coro-mc-wwl-code/k22awaitmin_xt/Static_Code/PDD" -I"E:/Source/repos/coro-mc-wwl-code/k22awaitmin_xt/Static_Code/IO_Map" -I"E:\Freescale\KDS_v3\eclipse\ProcessorExpert/lib/Kinetis/pdd/inc" -I"E:/Source/repos/coro-mc-wwl-code/k22awaitmin_xt/Sources" -I"E:/Source/repos/coro-mc-wwl-code/k22awaitmin_xt/Generated_Code" -I"E:/Source/repos/coro-mc-wwl-code/k22awaitmin_xt/../Shared/Include" -std=c99 -MMD -MP -MF"Static_Code/System/CPU_Init.d" -MT"Static_Code/System/CPU_Init.o" -c -o "Static_Code/System/CPU_Init.o" "../Static_Code/System/CPU_Init.c"
Finished building: ../Static_Code/System/CPU_Init.c
 
Building file: ../Static_Code/System/Peripherals_Init.c
Invoking: Cross ARM C Compiler
arm-none-eabi-gcc -mcpu=cortex-m4 -mthumb -mfloat-abi=hard -mfpu=fpv4-sp-d16 -O0 -fmessage-length=0 -fsigned-char -ffunction-sections -fdata-sections  -g3 -I"E:/Source/repos/coro-mc-wwl-code/k22awaitmin_xt/Static_Code/System" -I"E:/Source/repos/coro-mc-wwl-code/k22awaitmin_xt/Static_Code/PDD" -I"E:/Source/repos/coro-mc-wwl-code/k22awaitmin_xt/Static_Code/IO_Map" -I"E:\Freescale\KDS_v3\eclipse\ProcessorExpert/lib/Kinetis/pdd/inc" -I"E:/Source/repos/coro-mc-wwl-code/k22awaitmin_xt/Sources" -I"E:/Source/repos/coro-mc-wwl-code/k22awaitmin_xt/Generated_Code" -I"E:/Source/repos/coro-mc-wwl-code/k22awaitmin_xt/../Shared/Include" -std=c99 -MMD -MP -MF"Static_Code/System/Peripherals_Init.d" -MT"Static_Code/System/Peripherals_Init.o" -c -o "Static_Code/System/Peripherals_Init.o" "../Static_Code/System/Peripherals_Init.c"
Finished building: ../Static_Code/System/Peripherals_Init.c
 
Building file: ../Static_Code/System/Vectors.c
Invoking: Cross ARM C Compiler
arm-none-eabi-gcc -mcpu=cortex-m4 -mthumb -mfloat-abi=hard -mfpu=fpv4-sp-d16 -O0 -fmessage-length=0 -fsigned-char -ffunction-sections -fdata-sections  -g3 -I"E:/Source/repos/coro-mc-wwl-code/k22awaitmin_xt/Static_Code/System" -I"E:/Source/repos/coro-mc-wwl-code/k22awaitmin_xt/Static_Code/PDD" -I"E:/Source/repos/coro-mc-wwl-code/k22awaitmin_xt/Static_Code/IO_Map" -I"E:\Freescale\KDS_v3\eclipse\ProcessorExpert/lib/Kinetis/pdd/inc" -I"E:/Source/repos/coro-mc-wwl-code/k22awaitmin_xt/Sources" -I"E:/Source/repos/coro-mc-wwl-code/k22awaitmin_xt/Generated_Code" -I"E:/Source/repos/coro-mc-wwl-code/k22awaitmin_xt/../Shared/Include" -std=c99 -MMD -MP -MF"Static_Code/System/Vectors.d" -MT"Static_Code/System/Vectors.o" -c -o "Static_Code/System/Vectors.o" "../Static_Code/System/Vectors.c"
Finished building: ../Static_Code/System/Vectors.c
 
Building file: ../Sources/Events.c
Invoking: Cross ARM C Compiler
arm-none-eabi-gcc -mcpu=cortex-m4 -mthumb -mfloat-abi=hard -mfpu=fpv4-sp-d16 -O0 -fmessage-length=0 -fsigned-char -ffunction-sections -fdata-sections  -g3 -I"E:/Source/repos/coro-mc-wwl-code/k22awaitmin_xt/Static_Code/System" -I"E:/Source/repos/coro-mc-wwl-code/k22awaitmin_xt/Static_Code/PDD" -I"E:/Source/repos/coro-mc-wwl-code/k22awaitmin_xt/Static_Code/IO_Map" -I"E:\Freescale\KDS_v3\eclipse\ProcessorExpert/lib/Kinetis/pdd/inc" -I"E:/Source/repos/coro-mc-wwl-code/k22awaitmin_xt/Sources" -I"E:/Source/repos/coro-mc-wwl-code/k22awaitmin_xt/Generated_Code" -I"E:/Source/repos/coro-mc-wwl-code/k22awaitmin_xt/../Shared/Include" -std=c99 -MMD -MP -MF"Sources/Events.d" -MT"Sources/Events.o" -c -o "Sources/Events.o" "../Sources/Events.c"
Finished building: ../Sources/Events.c
 
make: *** No rule to make target 'E:/Source/repos/coro-mc-wwl-code/Shared/Sources/core_scheduler.cpp', needed by 'Sources/core_scheduler.o'.  Stop.
15:50:27 **** Incremental Build of configuration DebugLLVM_NS for project k22awaitmin_xt ****
make -j8 all 
Building file: E:/Source/repos/coro-mc-wwl-code/Shared/Sources/main_cpp.cpp
Building file: E:/Source/repos/coro-mc-wwl-code/Shared/Sources/min_services.cpp
Invoking: Cross ARM C++ Compiler
clang++ -mcpu=cortex-m4 -mthumb -mfloat-abi=hard -mfpu=fpv4-sp-d16 -O3 -fmessage-length=0 -fsigned-char -ffunction-sections -fdata-sections  -g3 -DCONFIG_LLVM_NS -DCOBUILD_APP_NAME=\"k22awaitmin_xt\" -DCOBUILD_NO_SCHEDULER -DCOBUILD_MINIMAL -DSCHEDULER_VERSION_2 -DUNUSED_TASK_COUNT=0 -DCOBUILD_EXTERNAL_TIMER -I"E:/Source/repos/coro-mc-wwl-code/k22awaitmin_xt/Static_Code/System" -I"E:/Source/repos/coro-mc-wwl-code/k22awaitmin_xt/Static_Code/PDD" -I"E:/Source/repos/coro-mc-wwl-code/k22awaitmin_xt/Static_Code/IO_Map" -I"E:\Freescale\KDS_v3\eclipse\ProcessorExpert/lib/Kinetis/pdd/inc" -I"E:/Source/repos/coro-mc-wwl-code/k22awaitmin_xt/Sources" -I"E:/Source/repos/coro-mc-wwl-code/k22awaitmin_xt/Generated_Code" -I"C:\Program Files (x86)\GNU Tools ARM Embedded\6 2017-q1-update\arm-none-eabi\include\c++\6.3.1\arm-none-eabi" -I"C:\Program Files (x86)\GNU Tools ARM Embedded\6 2017-q1-update\arm-none-eabi\include\c++\6.3.1" -I"C:\Program Files (x86)\GNU Tools ARM Embedded\6 2017-q1-update\arm-none-eabi\include" -I"E:/Source/repos/coro-mc-wwl-code/k22awaitmin_xt/../Shared/Include" -I"E:/Source/repos/coro-mc-wwl-code/k22awaitmin_xt/../Shared/IncludeARM" -fno-exceptions -fno-rtti -fno-use-cxa-atexit -fno-threadsafe-statics -fshort-enums -target armv7m-none-eabi "-fcoroutines-ts" "-stdlib=libc++" -std=c++14 -MMD -MP -MF"Sources/main_cpp.d" -MT"Sources/main_cpp.o" -c -o "Sources/main_cpp.o" "E:/Source/repos/coro-mc-wwl-code/Shared/Sources/main_cpp.cpp"
Invoking: Cross ARM C++ Compiler
clang++ -mcpu=cortex-m4 -mthumb -mfloat-abi=hard -mfpu=fpv4-sp-d16 -O3 -fmessage-length=0 -fsigned-char -ffunction-sections -fdata-sections  -g3 -DCONFIG_LLVM_NS -DCOBUILD_APP_NAME=\"k22awaitmin_xt\" -DCOBUILD_NO_SCHEDULER -DCOBUILD_MINIMAL -DSCHEDULER_VERSION_2 -DUNUSED_TASK_COUNT=0 -DCOBUILD_EXTERNAL_TIMER -I"E:/Source/repos/coro-mc-wwl-code/k22awaitmin_xt/Static_Code/System" -I"E:/Source/repos/coro-mc-wwl-code/k22awaitmin_xt/Static_Code/PDD" -I"E:/Source/repos/coro-mc-wwl-code/k22awaitmin_xt/Static_Code/IO_Map" -I"E:\Freescale\KDS_v3\eclipse\ProcessorExpert/lib/Kinetis/pdd/inc" -I"E:/Source/repos/coro-mc-wwl-code/k22awaitmin_xt/Sources" -I"E:/Source/repos/coro-mc-wwl-code/k22awaitmin_xt/Generated_Code" -I"C:\Program Files (x86)\GNU Tools ARM Embedded\6 2017-q1-update\arm-none-eabi\include\c++\6.3.1\arm-none-eabi" -I"C:\Program Files (x86)\GNU Tools ARM Embedded\6 2017-q1-update\arm-none-eabi\include\c++\6.3.1" -I"C:\Program Files (x86)\GNU Tools ARM Embedded\6 2017-q1-update\arm-none-eabi\include" -I"E:/Source/repos/coro-mc-wwl-code/k22awaitmin_xt/../Shared/Include" -I"E:/Source/repos/coro-mc-wwl-code/k22awaitmin_xt/../Shared/IncludeARM" -fno-exceptions -fno-rtti -fno-use-cxa-atexit -fno-threadsafe-statics -fshort-enums -target armv7m-none-eabi "-fcoroutines-ts" "-stdlib=libc++" -std=c++14 -MMD -MP -MF"Sources/min_services.d" -MT"Sources/min_services.o" -c -o "Sources/min_services.o" "E:/Source/repos/coro-mc-wwl-code/Shared/Sources/min_services.cpp"
clang++: warning: argument unused during compilation: '-stdlib=libc++' [-Wunused-command-line-argument]
clang++: warning: argument unused during compilation: '-stdlib=libc++' [-Wunused-command-line-argument]
Finished building: E:/Source/repos/coro-mc-wwl-code/Shared/Sources/min_services.cpp
 
E:/Source/repos/coro-mc-wwl-code/Shared/Sources/main_cpp.cpp:159:10: fatal error: 'core_resumable.h' file not found
#include "core_resumable.h"
         ^~~~~~~~~~~~~~~~~~
1 error generated.
Sources/subdir.mk:44: recipe for target 'Sources/main_cpp.o' failed
make: *** [Sources/main_cpp.o] Error 1
15:51:06 **** Incremental Build of configuration DebugLLVM_NS for project k22awaitmin_xt ****
make -j8 all 
Building file: ../Static_Code/System/CPU_Init.c
Building file: ../Static_Code/System/Peripherals_Init.c
Invoking: Cross ARM C Compiler
clang -mcpu=cortex-m4 -mthumb -mfloat-abi=hard -mfpu=fpv4-sp-d16 -O3 -fmessage-length=0 -fsigned-char -ffunction-sections -fdata-sections  -g3 -DCONFIG_LLVM_NS -DCOBUILD_EXTERNAL_TIMER -DCOBUILD_MINIMAL -I"E:/Source/repos/coro-mc-wwl-code/k22awaitmin_xt/Static_Code/System" -I"E:/Source/repos/coro-mc-wwl-code/k22awaitmin_xt/Static_Code/PDD" -I"E:/Source/repos/coro-mc-wwl-code/k22awaitmin_xt/Static_Code/IO_Map" -I"E:\Freescale\KDS_v3\eclipse\ProcessorExpert/lib/Kinetis/pdd/inc" -I"E:/Source/repos/coro-mc-wwl-code/k22awaitmin_xt/Sources" -I"E:/Source/repos/coro-mc-wwl-code/k22awaitmin_xt/Generated_Code" -I"C:\Program Files (x86)\GNU Tools ARM Embedded\6 2017-q1-update\arm-none-eabi\include" -I"E:/Source/repos/coro-mc-wwl-code/k22awaitmin_xt/../Shared/Include" -std=c99 -fshort-enums -target armv7m-none-eabi -MMD -MP -MF"Static_Code/System/CPU_Init.d" -MT"Static_Code/System/CPU_Init.o" -c -o "Static_Code/System/CPU_Init.o" "../Static_Code/System/CPU_Init.c"
Invoking: Cross ARM C Compiler
clang -mcpu=cortex-m4 -mthumb -mfloat-abi=hard -mfpu=fpv4-sp-d16 -O3 -fmessage-length=0 -fsigned-char -ffunction-sections -fdata-sections  -g3 -DCONFIG_LLVM_NS -DCOBUILD_EXTERNAL_TIMER -DCOBUILD_MINIMAL -I"E:/Source/repos/coro-mc-wwl-code/k22awaitmin_xt/Static_Code/System" -I"E:/Source/repos/coro-mc-wwl-code/k22awaitmin_xt/Static_Code/PDD" -I"E:/Source/repos/coro-mc-wwl-code/k22awaitmin_xt/Static_Code/IO_Map" -I"E:\Freescale\KDS_v3\eclipse\ProcessorExpert/lib/Kinetis/pdd/inc" -I"E:/Source/repos/coro-mc-wwl-code/k22awaitmin_xt/Sources" -I"E:/Source/repos/coro-mc-wwl-code/k22awaitmin_xt/Generated_Code" -I"C:\Program Files (x86)\GNU Tools ARM Embedded\6 2017-q1-update\arm-none-eabi\include" -I"E:/Source/repos/coro-mc-wwl-code/k22awaitmin_xt/../Shared/Include" -std=c99 -fshort-enums -target armv7m-none-eabi -MMD -MP -MF"Static_Code/System/Peripherals_Init.d" -MT"Static_Code/System/Peripherals_Init.o" -c -o "Static_Code/System/Peripherals_Init.o" "../Static_Code/System/Peripherals_Init.c"
Building file: ../Static_Code/System/Vectors.c
Building file: ../Sources/Events.c
Invoking: Cross ARM C Compiler
clang -mcpu=cortex-m4 -mthumb -mfloat-abi=hard -mfpu=fpv4-sp-d16 -O3 -fmessage-length=0 -fsigned-char -ffunction-sections -fdata-sections  -g3 -DCONFIG_LLVM_NS -DCOBUILD_EXTERNAL_TIMER -DCOBUILD_MINIMAL -I"E:/Source/repos/coro-mc-wwl-code/k22awaitmin_xt/Static_Code/System" -I"E:/Source/repos/coro-mc-wwl-code/k22awaitmin_xt/Static_Code/PDD" -I"E:/Source/repos/coro-mc-wwl-code/k22awaitmin_xt/Static_Code/IO_Map" -I"E:\Freescale\KDS_v3\eclipse\ProcessorExpert/lib/Kinetis/pdd/inc" -I"E:/Source/repos/coro-mc-wwl-code/k22awaitmin_xt/Sources" -I"E:/Source/repos/coro-mc-wwl-code/k22awaitmin_xt/Generated_Code" -I"C:\Program Files (x86)\GNU Tools ARM Embedded\6 2017-q1-update\arm-none-eabi\include" -I"E:/Source/repos/coro-mc-wwl-code/k22awaitmin_xt/../Shared/Include" -std=c99 -fshort-enums -target armv7m-none-eabi -MMD -MP -MF"Static_Code/System/Vectors.d" -MT"Static_Code/System/Vectors.o" -c -o "Static_Code/System/Vectors.o" "../Static_Code/System/Vectors.c"
Invoking: Cross ARM C Compiler
clang -mcpu=cortex-m4 -mthumb -mfloat-abi=hard -mfpu=fpv4-sp-d16 -O3 -fmessage-length=0 -fsigned-char -ffunction-sections -fdata-sections  -g3 -DCONFIG_LLVM_NS -DCOBUILD_EXTERNAL_TIMER -DCOBUILD_MINIMAL -I"E:/Source/repos/coro-mc-wwl-code/k22awaitmin_xt/Static_Code/System" -I"E:/Source/repos/coro-mc-wwl-code/k22awaitmin_xt/Static_Code/PDD" -I"E:/Source/repos/coro-mc-wwl-code/k22awaitmin_xt/Static_Code/IO_Map" -I"E:\Freescale\KDS_v3\eclipse\ProcessorExpert/lib/Kinetis/pdd/inc" -I"E:/Source/repos/coro-mc-wwl-code/k22awaitmin_xt/Sources" -I"E:/Source/repos/coro-mc-wwl-code/k22awaitmin_xt/Generated_Code" -I"C:\Program Files (x86)\GNU Tools ARM Embedded\6 2017-q1-update\arm-none-eabi\include" -I"E:/Source/repos/coro-mc-wwl-code/k22awaitmin_xt/../Shared/Include" -std=c99 -fshort-enums -target armv7m-none-eabi -MMD -MP -MF"Sources/Events.d" -MT"Sources/Events.o" -c -o "Sources/Events.o" "../Sources/Events.c"
Building file: ../Sources/main.c
Building file: E:/Source/repos/coro-mc-wwl-code/Shared/Sources/main_cpp.cpp
Invoking: Cross ARM C Compiler
clang -mcpu=cortex-m4 -mthumb -mfloat-abi=hard -mfpu=fpv4-sp-d16 -O3 -fmessage-length=0 -fsigned-char -ffunction-sections -fdata-sections  -g3 -DCONFIG_LLVM_NS -DCOBUILD_EXTERNAL_TIMER -DCOBUILD_MINIMAL -I"E:/Source/repos/coro-mc-wwl-code/k22awaitmin_xt/Static_Code/System" -I"E:/Source/repos/coro-mc-wwl-code/k22awaitmin_xt/Static_Code/PDD" -I"E:/Source/repos/coro-mc-wwl-code/k22awaitmin_xt/Static_Code/IO_Map" -I"E:\Freescale\KDS_v3\eclipse\ProcessorExpert/lib/Kinetis/pdd/inc" -I"E:/Source/repos/coro-mc-wwl-code/k22awaitmin_xt/Sources" -I"E:/Source/repos/coro-mc-wwl-code/k22awaitmin_xt/Generated_Code" -I"C:\Program Files (x86)\GNU Tools ARM Embedded\6 2017-q1-update\arm-none-eabi\include" -I"E:/Source/repos/coro-mc-wwl-code/k22awaitmin_xt/../Shared/Include" -std=c99 -fshort-enums -target armv7m-none-eabi -MMD -MP -MF"Sources/main.d" -MT"Sources/main.o" -c -o "Sources/main.o" "../Sources/main.c"
Invoking: Cross ARM C++ Compiler
clang++ -mcpu=cortex-m4 -mthumb -mfloat-abi=hard -mfpu=fpv4-sp-d16 -O3 -fmessage-length=0 -fsigned-char -ffunction-sections -fdata-sections  -g3 -DCONFIG_LLVM_NS -DCOBUILD_APP_NAME=\"k22awaitmin_xt\" -DCOBUILD_NO_SCHEDULER -DCOBUILD_MINIMAL -DSCHEDULER_VERSION_2 -DUNUSED_TASK_COUNT=0 -DCOBUILD_EXTERNAL_TIMER -I"E:/Source/repos/coro-mc-wwl-code/k22awaitmin_xt/Static_Code/System" -I"E:/Source/repos/coro-mc-wwl-code/k22awaitmin_xt/Static_Code/PDD" -I"E:/Source/repos/coro-mc-wwl-code/k22awaitmin_xt/Static_Code/IO_Map" -I"E:\Freescale\KDS_v3\eclipse\ProcessorExpert/lib/Kinetis/pdd/inc" -I"E:/Source/repos/coro-mc-wwl-code/k22awaitmin_xt/Sources" -I"E:/Source/repos/coro-mc-wwl-code/k22awaitmin_xt/Generated_Code" -I"C:\Program Files (x86)\GNU Tools ARM Embedded\6 2017-q1-update\arm-none-eabi\include\c++\6.3.1\arm-none-eabi" -I"C:\Program Files (x86)\GNU Tools ARM Embedded\6 2017-q1-update\arm-none-eabi\include\c++\6.3.1" -I"C:\Program Files (x86)\GNU Tools ARM Embedded\6 2017-q1-update\arm-none-eabi\include" -I"E:/Source/repos/coro-mc-wwl-code/k22awaitmin_xt/../Shared/Include" -I"E:/Source/repos/coro-mc-wwl-code/k22awaitmin_xt/../Shared/IncludeARM" -fno-exceptions -fno-rtti -fno-use-cxa-atexit -fno-threadsafe-statics -fshort-enums -target armv7m-none-eabi "-fcoroutines-ts" "-stdlib=libc++" -std=c++14 -MMD -MP -MF"Sources/main_cpp.d" -MT"Sources/main_cpp.o" -c -o "Sources/main_cpp.o" "E:/Source/repos/coro-mc-wwl-code/Shared/Sources/main_cpp.cpp"
Building file: ../Project_Settings/Startup_Code/startup.c
Building file: ../Generated_Code/Bit1.c
Invoking: Cross ARM C Compiler
clang -mcpu=cortex-m4 -mthumb -mfloat-abi=hard -mfpu=fpv4-sp-d16 -O3 -fmessage-length=0 -fsigned-char -ffunction-sections -fdata-sections  -g3 -DCONFIG_LLVM_NS -DCOBUILD_EXTERNAL_TIMER -DCOBUILD_MINIMAL -I"E:/Source/repos/coro-mc-wwl-code/k22awaitmin_xt/Static_Code/System" -I"E:/Source/repos/coro-mc-wwl-code/k22awaitmin_xt/Static_Code/PDD" -I"E:/Source/repos/coro-mc-wwl-code/k22awaitmin_xt/Static_Code/IO_Map" -I"E:\Freescale\KDS_v3\eclipse\ProcessorExpert/lib/Kinetis/pdd/inc" -I"E:/Source/repos/coro-mc-wwl-code/k22awaitmin_xt/Sources" -I"E:/Source/repos/coro-mc-wwl-code/k22awaitmin_xt/Generated_Code" -I"C:\Program Files (x86)\GNU Tools ARM Embedded\6 2017-q1-update\arm-none-eabi\include" -I"E:/Source/repos/coro-mc-wwl-code/k22awaitmin_xt/../Shared/Include" -std=c99 -fshort-enums -target armv7m-none-eabi -MMD -MP -MF"Project_Settings/Startup_Code/startup.d" -MT"Project_Settings/Startup_Code/startup.o" -c -o "Project_Settings/Startup_Code/startup.o" "../Project_Settings/Startup_Code/startup.c"
Invoking: Cross ARM C Compiler
clang -mcpu=cortex-m4 -mthumb -mfloat-abi=hard -mfpu=fpv4-sp-d16 -O3 -fmessage-length=0 -fsigned-char -ffunction-sections -fdata-sections  -g3 -DCONFIG_LLVM_NS -DCOBUILD_EXTERNAL_TIMER -DCOBUILD_MINIMAL -I"E:/Source/repos/coro-mc-wwl-code/k22awaitmin_xt/Static_Code/System" -I"E:/Source/repos/coro-mc-wwl-code/k22awaitmin_xt/Static_Code/PDD" -I"E:/Source/repos/coro-mc-wwl-code/k22awaitmin_xt/Static_Code/IO_Map" -I"E:\Freescale\KDS_v3\eclipse\ProcessorExpert/lib/Kinetis/pdd/inc" -I"E:/Source/repos/coro-mc-wwl-code/k22awaitmin_xt/Sources" -I"E:/Source/repos/coro-mc-wwl-code/k22awaitmin_xt/Generated_Code" -I"C:\Program Files (x86)\GNU Tools ARM Embedded\6 2017-q1-update\arm-none-eabi\include" -I"E:/Source/repos/coro-mc-wwl-code/k22awaitmin_xt/../Shared/Include" -std=c99 -fshort-enums -target armv7m-none-eabi -MMD -MP -MF"Generated_Code/Bit1.d" -MT"Generated_Code/Bit1.o" -c -o "Generated_Code/Bit1.o" "../Generated_Code/Bit1.c"
clang++: warning: argument unused during compilation: '-stdlib=libc++' [-Wunused-command-line-argument]
../Static_Code/System/CPU_Init.c:602:40: warning: use of logical '||' with constant operand [-Wconstant-logical-operand]
      if ((MCG_C1 & (MCG_C1_IREFS_MASK || MCG_C1_IRCLKEN_MASK)) != 0x00U) { /* Is internal reference clock active? */      
                                       ^  ~~~~~~~~~~~~~~~~~~~
../Static_Code/System/CPU_Init.c:602:40: note: use '|' for a bitwise operation
      if ((MCG_C1 & (MCG_C1_IREFS_MASK || MCG_C1_IRCLKEN_MASK)) != 0x00U) { /* Is internal reference clock active? */      
                                       ^~
                                       |
1 warning generated.
Finished building: ../Static_Code/System/Peripherals_Init.c
Finished building: ../Static_Code/System/CPU_Init.c
Finished building: ../Static_Code/System/Vectors.c
Finished building: ../Sources/Events.c
Finished building: ../Sources/main.c
 
 
 
Finished building: ../Project_Settings/Startup_Code/startup.c
 
 
 
Building file: ../Generated_Code/BitIoLdd1.c
Building file: ../Generated_Code/Cpu.c
Invoking: Cross ARM C Compiler
clang -mcpu=cortex-m4 -mthumb -mfloat-abi=hard -mfpu=fpv4-sp-d16 -O3 -fmessage-length=0 -fsigned-char -ffunction-sections -fdata-sections  -g3 -DCONFIG_LLVM_NS -DCOBUILD_EXTERNAL_TIMER -DCOBUILD_MINIMAL -I"E:/Source/repos/coro-mc-wwl-code/k22awaitmin_xt/Static_Code/System" -I"E:/Source/repos/coro-mc-wwl-code/k22awaitmin_xt/Static_Code/PDD" -I"E:/Source/repos/coro-mc-wwl-code/k22awaitmin_xt/Static_Code/IO_Map" -I"E:\Freescale\KDS_v3\eclipse\ProcessorExpert/lib/Kinetis/pdd/inc" -I"E:/Source/repos/coro-mc-wwl-code/k22awaitmin_xt/Sources" -I"E:/Source/repos/coro-mc-wwl-code/k22awaitmin_xt/Generated_Code" -I"C:\Program Files (x86)\GNU Tools ARM Embedded\6 2017-q1-update\arm-none-eabi\include" -I"E:/Source/repos/coro-mc-wwl-code/k22awaitmin_xt/../Shared/Include" -std=c99 -fshort-enums -target armv7m-none-eabi -MMD -MP -MF"Generated_Code/BitIoLdd1.d" -MT"Generated_Code/BitIoLdd1.o" -c -o "Generated_Code/BitIoLdd1.o" "../Generated_Code/BitIoLdd1.c"
Invoking: Cross ARM C Compiler
clang -mcpu=cortex-m4 -mthumb -mfloat-abi=hard -mfpu=fpv4-sp-d16 -O3 -fmessage-length=0 -fsigned-char -ffunction-sections -fdata-sections  -g3 -DCONFIG_LLVM_NS -DCOBUILD_EXTERNAL_TIMER -DCOBUILD_MINIMAL -I"E:/Source/repos/coro-mc-wwl-code/k22awaitmin_xt/Static_Code/System" -I"E:/Source/repos/coro-mc-wwl-code/k22awaitmin_xt/Static_Code/PDD" -I"E:/Source/repos/coro-mc-wwl-code/k22awaitmin_xt/Static_Code/IO_Map" -I"E:\Freescale\KDS_v3\eclipse\ProcessorExpert/lib/Kinetis/pdd/inc" -I"E:/Source/repos/coro-mc-wwl-code/k22awaitmin_xt/Sources" -I"E:/Source/repos/coro-mc-wwl-code/k22awaitmin_xt/Generated_Code" -I"C:\Program Files (x86)\GNU Tools ARM Embedded\6 2017-q1-update\arm-none-eabi\include" -I"E:/Source/repos/coro-mc-wwl-code/k22awaitmin_xt/../Shared/Include" -std=c99 -fshort-enums -target armv7m-none-eabi -MMD -MP -MF"Generated_Code/Cpu.d" -MT"Generated_Code/Cpu.o" -c -o "Generated_Code/Cpu.o" "../Generated_Code/Cpu.c"
Building file: ../Generated_Code/PE_LDD.c
Building file: ../Generated_Code/pin_mux.c
Invoking: Cross ARM C Compiler
clang -mcpu=cortex-m4 -mthumb -mfloat-abi=hard -mfpu=fpv4-sp-d16 -O3 -fmessage-length=0 -fsigned-char -ffunction-sections -fdata-sections  -g3 -DCONFIG_LLVM_NS -DCOBUILD_EXTERNAL_TIMER -DCOBUILD_MINIMAL -I"E:/Source/repos/coro-mc-wwl-code/k22awaitmin_xt/Static_Code/System" -I"E:/Source/repos/coro-mc-wwl-code/k22awaitmin_xt/Static_Code/PDD" -I"E:/Source/repos/coro-mc-wwl-code/k22awaitmin_xt/Static_Code/IO_Map" -I"E:\Freescale\KDS_v3\eclipse\ProcessorExpert/lib/Kinetis/pdd/inc" -I"E:/Source/repos/coro-mc-wwl-code/k22awaitmin_xt/Sources" -I"E:/Source/repos/coro-mc-wwl-code/k22awaitmin_xt/Generated_Code" -I"C:\Program Files (x86)\GNU Tools ARM Embedded\6 2017-q1-update\arm-none-eabi\include" -I"E:/Source/repos/coro-mc-wwl-code/k22awaitmin_xt/../Shared/Include" -std=c99 -fshort-enums -target armv7m-none-eabi -MMD -MP -MF"Generated_Code/PE_LDD.d" -MT"Generated_Code/PE_LDD.o" -c -o "Generated_Code/PE_LDD.o" "../Generated_Code/PE_LDD.c"
Invoking: Cross ARM C Compiler
clang -mcpu=cortex-m4 -mthumb -mfloat-abi=hard -mfpu=fpv4-sp-d16 -O3 -fmessage-length=0 -fsigned-char -ffunction-sections -fdata-sections  -g3 -DCONFIG_LLVM_NS -DCOBUILD_EXTERNAL_TIMER -DCOBUILD_MINIMAL -I"E:/Source/repos/coro-mc-wwl-code/k22awaitmin_xt/Static_Code/System" -I"E:/Source/repos/coro-mc-wwl-code/k22awaitmin_xt/Static_Code/PDD" -I"E:/Source/repos/coro-mc-wwl-code/k22awaitmin_xt/Static_Code/IO_Map" -I"E:\Freescale\KDS_v3\eclipse\ProcessorExpert/lib/Kinetis/pdd/inc" -I"E:/Source/repos/coro-mc-wwl-code/k22awaitmin_xt/Sources" -I"E:/Source/repos/coro-mc-wwl-code/k22awaitmin_xt/Generated_Code" -I"C:\Program Files (x86)\GNU Tools ARM Embedded\6 2017-q1-update\arm-none-eabi\include" -I"E:/Source/repos/coro-mc-wwl-code/k22awaitmin_xt/../Shared/Include" -std=c99 -fshort-enums -target armv7m-none-eabi -MMD -MP -MF"Generated_Code/pin_mux.d" -MT"Generated_Code/pin_mux.o" -c -o "Generated_Code/pin_mux.o" "../Generated_Code/pin_mux.c"
Finished building: ../Generated_Code/Bit1.c
 
In file included from E:/Source/repos/coro-mc-wwl-code/Shared/Sources/main_cpp.cpp:159:
E:/Source/repos/coro-mc-wwl-code/k22awaitmin_xt/../Shared/Include\core_resumable.h:24:10: fatal error: 'experimental\resumable' file not found
#include <experimental\resumable>
         ^~~~~~~~~~~~~~~~~~~~~~~~
1 error generated.
Sources/subdir.mk:44: recipe for target 'Sources/main_cpp.o' failed
make: *** [Sources/main_cpp.o] Error 1
make: *** Waiting for unfinished jobs....
../Generated_Code/Cpu.c:170:3: warning: call to function without interrupt attribute could clobber interruptee's VFP registers [-Wextra]
  Cpu_OnNMI();
  ^
1 warning generated.
Finished building: ../Generated_Code/BitIoLdd1.c
Finished building: ../Generated_Code/Cpu.c
 
 
Finished building: ../Generated_Code/PE_LDD.c
 
Finished building: ../Generated_Code/pin_mux.c
 
15:52:22 **** Incremental Build of configuration DebugLLVM_NS for project k22awaitmin_xt ****
make -j8 all 
Building file: E:/Source/repos/coro-mc-wwl-code/Shared/Sources/main_cpp.cpp
Invoking: Cross ARM C++ Compiler
clang++ -mcpu=cortex-m4 -mthumb -mfloat-abi=hard -mfpu=fpv4-sp-d16 -O3 -fmessage-length=0 -fsigned-char -ffunction-sections -fdata-sections  -g3 -DCONFIG_LLVM_NS -DCOBUILD_APP_NAME=\"k22awaitmin_xt\" -DCOBUILD_NO_SCHEDULER -DCOBUILD_MINIMAL -DSCHEDULER_VERSION_2 -DUNUSED_TASK_COUNT=0 -DCOBUILD_EXTERNAL_TIMER -I"E:/Source/repos/coro-mc-wwl-code/k22awaitmin_xt/Static_Code/System" -I"E:/Source/repos/coro-mc-wwl-code/k22awaitmin_xt/Static_Code/PDD" -I"E:/Source/repos/coro-mc-wwl-code/k22awaitmin_xt/Static_Code/IO_Map" -I"E:\Freescale\KDS_v3\eclipse\ProcessorExpert/lib/Kinetis/pdd/inc" -I"E:/Source/repos/coro-mc-wwl-code/k22awaitmin_xt/Sources" -I"E:/Source/repos/coro-mc-wwl-code/k22awaitmin_xt/Generated_Code" -I"C:\Program Files (x86)\GNU Tools ARM Embedded\6 2017-q1-update\arm-none-eabi\include\c++\6.3.1\arm-none-eabi" -I"C:\Program Files (x86)\GNU Tools ARM Embedded\6 2017-q1-update\arm-none-eabi\include\c++\6.3.1" -I"C:\Program Files (x86)\GNU Tools ARM Embedded\6 2017-q1-update\arm-none-eabi\include" -I"E:/Source/repos/coro-mc-wwl-code/k22awaitmin_xt/../Shared/Include" -I"E:/Source/repos/coro-mc-wwl-code/k22awaitmin_xt/../Shared/IncludeARM" -fno-exceptions -fno-rtti -fno-use-cxa-atexit -fno-threadsafe-statics -fshort-enums -target armv7m-none-eabi "-fcoroutines-ts" "-stdlib=libc++" -std=c++14 -MMD -MP -MF"Sources/main_cpp.d" -MT"Sources/main_cpp.o" -c -o "Sources/main_cpp.o" "E:/Source/repos/coro-mc-wwl-code/Shared/Sources/main_cpp.cpp"
clang++: warning: argument unused during compilation: '-stdlib=libc++' [-Wunused-command-line-argument]
In file included from E:/Source/repos/coro-mc-wwl-code/Shared/Sources/main_cpp.cpp:161:
E:/Source/repos/coro-mc-wwl-code/k22awaitmin_xt/../Shared/Include\core_scheduler.h:22:10: fatal error: 'core_crit_sec.h' file not found
#include "core_crit_sec.h"
         ^~~~~~~~~~~~~~~~~
1 error generated.
Sources/subdir.mk:44: recipe for target 'Sources/main_cpp.o' failed
make: *** [Sources/main_cpp.o] Error 1
15:52:46 **** Incremental Build of configuration DebugLLVM_NS for project k22awaitmin_xt ****
make -j8 all 
Building file: E:/Source/repos/coro-mc-wwl-code/Shared/Sources/main_cpp.cpp
Invoking: Cross ARM C++ Compiler
clang++ -mcpu=cortex-m4 -mthumb -mfloat-abi=hard -mfpu=fpv4-sp-d16 -O3 -fmessage-length=0 -fsigned-char -ffunction-sections -fdata-sections  -g3 -DCONFIG_LLVM_NS -DCOBUILD_APP_NAME=\"k22awaitmin_xt\" -DCOBUILD_NO_SCHEDULER -DCOBUILD_MINIMAL -DSCHEDULER_VERSION_2 -DUNUSED_TASK_COUNT=0 -DCOBUILD_EXTERNAL_TIMER -I"E:/Source/repos/coro-mc-wwl-code/k22awaitmin_xt/Static_Code/System" -I"E:/Source/repos/coro-mc-wwl-code/k22awaitmin_xt/Static_Code/PDD" -I"E:/Source/repos/coro-mc-wwl-code/k22awaitmin_xt/Static_Code/IO_Map" -I"E:\Freescale\KDS_v3\eclipse\ProcessorExpert/lib/Kinetis/pdd/inc" -I"E:/Source/repos/coro-mc-wwl-code/k22awaitmin_xt/Sources" -I"E:/Source/repos/coro-mc-wwl-code/k22awaitmin_xt/Generated_Code" -I"C:\Program Files (x86)\GNU Tools ARM Embedded\6 2017-q1-update\arm-none-eabi\include\c++\6.3.1\arm-none-eabi" -I"C:\Program Files (x86)\GNU Tools ARM Embedded\6 2017-q1-update\arm-none-eabi\include\c++\6.3.1" -I"C:\Program Files (x86)\GNU Tools ARM Embedded\6 2017-q1-update\arm-none-eabi\include" -I"E:/Source/repos/coro-mc-wwl-code/k22awaitmin_xt/../Shared/Include" -I"E:/Source/repos/coro-mc-wwl-code/k22awaitmin_xt/../Shared/IncludeARM" -fno-exceptions -fno-rtti -fno-use-cxa-atexit -fno-threadsafe-statics -fshort-enums -target armv7m-none-eabi "-fcoroutines-ts" "-stdlib=libc++" -std=c++14 -MMD -MP -MF"Sources/main_cpp.d" -MT"Sources/main_cpp.o" -c -o "Sources/main_cpp.o" "E:/Source/repos/coro-mc-wwl-code/Shared/Sources/main_cpp.cpp"
clang++: warning: argument unused during compilation: '-stdlib=libc++' [-Wunused-command-line-argument]
Finished building: E:/Source/repos/coro-mc-wwl-code/Shared/Sources/main_cpp.cpp
 
Building target: k22awaitmin_xt.elf
Invoking: Cross ARM C++ Linker
arm-none-eabi-g++ -mcpu=cortex-m4 -mthumb -mfloat-abi=hard -mfpu=fpv4-sp-d16 -O3 -fmessage-length=0 -fsigned-char -ffunction-sections -fdata-sections  -g3 -T "E:/Source/repos/coro-mc-wwl-code/k22awaitmin_xt/Project_Settings/Linker_Files/ProcessorExpert.ld" -Xlinker --gc-sections -L"E:/Source/repos/coro-mc-wwl-code/k22awaitmin_xt/Project_Settings/Linker_Files" -Wl,-Map,"k22awaitmin_xt.map" -specs=nano.specs -specs=nosys.specs -o "k22awaitmin_xt.elf"  ./Static_Code/System/CPU_Init.o ./Static_Code/System/Peripherals_Init.o ./Static_Code/System/Vectors.o  ./Sources/Events.o ./Sources/main.o ./Sources/main_cpp.o ./Sources/min_services.o ./Sources/report_cycles.o ./Sources/task_test.o  ./Project_Settings/Startup_Code/startup.o  ./Generated_Code/Bit1.o ./Generated_Code/BitIoLdd1.o ./Generated_Code/Cpu.o ./Generated_Code/PE_LDD.o ./Generated_Code/pin_mux.o   
Finished building target: k22awaitmin_xt.elf
 
Invoking: Cross ARM GNU Print Size
arm-none-eabi-size --format=berkeley "k22awaitmin_xt.elf"
   text	   data	    bss	    dec	    hex	filename
   3920	    144	   1080	   5144	   1418	k22awaitmin_xt.elf
Finished building: k22awaitmin_xt.siz
 
15:54:58 **** Incremental Build of configuration DebugLLVM_NS for project k22awaitmin_xt ****
make -j8 all 
Building file: E:/Source/repos/coro-mc-wwl-code/Shared/Sources/task_test.cpp
Invoking: Cross ARM C++ Compiler
clang++ -mcpu=cortex-m4 -mthumb -mfloat-abi=hard -mfpu=fpv4-sp-d16 -O3 -fmessage-length=0 -fsigned-char -ffunction-sections -fdata-sections  -g3 -DCONFIG_LLVM_NS -DCOBUILD_APP_NAME=\"k22awaitmin_xt\" -DCOBUILD_NO_SCHEDULER -DCOBUILD_MINIMAL -DSCHEDULER_VERSION_2 -DUNUSED_TASK_COUNT=0 -DCOBUILD_EXTERNAL_TIMER -I"E:/Source/repos/coro-mc-wwl-code/k22awaitmin_xt/Static_Code/System" -I"E:/Source/repos/coro-mc-wwl-code/k22awaitmin_xt/Static_Code/PDD" -I"E:/Source/repos/coro-mc-wwl-code/k22awaitmin_xt/Static_Code/IO_Map" -I"E:\Freescale\KDS_v3\eclipse\ProcessorExpert/lib/Kinetis/pdd/inc" -I"E:/Source/repos/coro-mc-wwl-code/k22awaitmin_xt/Sources" -I"E:/Source/repos/coro-mc-wwl-code/k22awaitmin_xt/Generated_Code" -I"C:\Program Files (x86)\GNU Tools ARM Embedded\6 2017-q1-update\arm-none-eabi\include\c++\6.3.1\arm-none-eabi" -I"C:\Program Files (x86)\GNU Tools ARM Embedded\6 2017-q1-update\arm-none-eabi\include\c++\6.3.1" -I"C:\Program Files (x86)\GNU Tools ARM Embedded\6 2017-q1-update\arm-none-eabi\include" -I"E:/Source/repos/coro-mc-wwl-code/k22awaitmin_xt/../Shared/Include" -I"E:/Source/repos/coro-mc-wwl-code/k22awaitmin_xt/../Shared/IncludeARM" -fno-exceptions -fno-rtti -fno-use-cxa-atexit -fno-threadsafe-statics -fshort-enums -target armv7m-none-eabi "-fcoroutines-ts" "-stdlib=libc++" -std=c++14 -MMD -MP -MF"Sources/task_test.d" -MT"Sources/task_test.o" -c -o "Sources/task_test.o" "E:/Source/repos/coro-mc-wwl-code/Shared/Sources/task_test.cpp"
clang++: warning: argument unused during compilation: '-stdlib=libc++' [-Wunused-command-line-argument]
In file included from E:/Source/repos/coro-mc-wwl-code/Shared/Sources/task_test.cpp:15:
In file included from E:/Source/repos/coro-mc-wwl-code/k22awaitmin_xt/Generated_Code\Bit1.h:84:
E:/Source/repos/coro-mc-wwl-code/k22awaitmin_xt/Generated_Code/PE_Types.h:240:27: warning: 'register' storage class specifier is deprecated and incompatible with C++17 [-Wdeprecated-register]
extern void PE_FillMemory(register void* SourceAddressPtr, register uint8_t c, register uint32_t len);
                          ^~~~~~~~~
E:/Source/repos/coro-mc-wwl-code/k22awaitmin_xt/Generated_Code/PE_Types.h:240:60: warning: 'register' storage class specifier is deprecated and incompatible with C++17 [-Wdeprecated-register]
extern void PE_FillMemory(register void* SourceAddressPtr, register uint8_t c, register uint32_t len);
                                                           ^~~~~~~~~
E:/Source/repos/coro-mc-wwl-code/k22awaitmin_xt/Generated_Code/PE_Types.h:240:80: warning: 'register' storage class specifier is deprecated and incompatible with C++17 [-Wdeprecated-register]
extern void PE_FillMemory(register void* SourceAddressPtr, register uint8_t c, register uint32_t len);
                                                                               ^~~~~~~~~
3 warnings generated.
Finished building: E:/Source/repos/coro-mc-wwl-code/Shared/Sources/task_test.cpp
 
Building target: k22awaitmin_xt.elf
Invoking: Cross ARM C++ Linker
arm-none-eabi-g++ -mcpu=cortex-m4 -mthumb -mfloat-abi=hard -mfpu=fpv4-sp-d16 -O3 -fmessage-length=0 -fsigned-char -ffunction-sections -fdata-sections  -g3 -T "E:/Source/repos/coro-mc-wwl-code/k22awaitmin_xt/Project_Settings/Linker_Files/ProcessorExpert.ld" -Xlinker --gc-sections -L"E:/Source/repos/coro-mc-wwl-code/k22awaitmin_xt/Project_Settings/Linker_Files" -Wl,-Map,"k22awaitmin_xt.map" -specs=nano.specs -specs=nosys.specs -o "k22awaitmin_xt.elf"  ./Static_Code/System/CPU_Init.o ./Static_Code/System/Peripherals_Init.o ./Static_Code/System/Vectors.o  ./Sources/Events.o ./Sources/main.o ./Sources/main_cpp.o ./Sources/min_services.o ./Sources/report_cycles.o ./Sources/task_test.o  ./Project_Settings/Startup_Code/startup.o  ./Generated_Code/Bit1.o ./Generated_Code/BitIoLdd1.o ./Generated_Code/Cpu.o ./Generated_Code/PE_LDD.o ./Generated_Code/pin_mux.o   
Finished building target: k22awaitmin_xt.elf
 
Invoking: Cross ARM GNU Print Size
arm-none-eabi-size --format=berkeley "k22awaitmin_xt.elf"
   text	   data	    bss	    dec	    hex	filename
   3920	    144	   1080	   5144	   1418	k22awaitmin_xt.elf
Finished building: k22awaitmin_xt.siz
 
15:57:18 **** Incremental Build of configuration DebugLLVM_NS for project k22awaitmin_xt ****
make -j8 all 
Invoking: Cross ARM GNU Print Size
arm-none-eabi-size --format=berkeley "k22awaitmin_xt.elf"
   text	   data	    bss	    dec	    hex	filename
   3920	    144	   1080	   5144	   1418	k22awaitmin_xt.elf
Finished building: k22awaitmin_xt.siz
 
16:01:28 **** Incremental Build of configuration DebugLLVM_NS for project k22awaitmin_xt ****
make -j8 all 
Invoking: Cross ARM GNU Print Size
arm-none-eabi-size --format=berkeley "k22awaitmin_xt.elf"
   text	   data	    bss	    dec	    hex	filename
   3920	    144	   1080	   5144	   1418	k22awaitmin_xt.elf
Finished building: k22awaitmin_xt.siz
 
16:03:12 **** Incremental Build of configuration DebugLLVM_NS for project k22awaitmin_xt ****
make -j8 all 
Building file: ../Sources/Events.c
Invoking: Cross ARM C Compiler
clang -mcpu=cortex-m4 -mthumb -mfloat-abi=hard -mfpu=fpv4-sp-d16 -O3 -fmessage-length=0 -fsigned-char -ffunction-sections -fdata-sections  -g3 -DCONFIG_LLVM_NS -DCOBUILD_EXTERNAL_TIMER -DCOBUILD_MINIMAL -I"E:/Source/repos/coro-mc-wwl-code/k22awaitmin_xt/Static_Code/System" -I"E:/Source/repos/coro-mc-wwl-code/k22awaitmin_xt/Static_Code/PDD" -I"E:/Source/repos/coro-mc-wwl-code/k22awaitmin_xt/Static_Code/IO_Map" -I"E:\Freescale\KDS_v3\eclipse\ProcessorExpert/lib/Kinetis/pdd/inc" -I"E:/Source/repos/coro-mc-wwl-code/k22awaitmin_xt/Sources" -I"E:/Source/repos/coro-mc-wwl-code/k22awaitmin_xt/Generated_Code" -I"C:\Program Files (x86)\GNU Tools ARM Embedded\6 2017-q1-update\arm-none-eabi\include" -I"E:/Source/repos/coro-mc-wwl-code/k22awaitmin_xt/../Shared/Include" -std=c99 -fshort-enums -target armv7m-none-eabi -MMD -MP -MF"Sources/Events.d" -MT"Sources/Events.o" -c -o "Sources/Events.o" "../Sources/Events.c"
Finished building: ../Sources/Events.c
 
Building target: k22awaitmin_xt.elf
Invoking: Cross ARM C++ Linker
arm-none-eabi-g++ -mcpu=cortex-m4 -mthumb -mfloat-abi=hard -mfpu=fpv4-sp-d16 -O3 -fmessage-length=0 -fsigned-char -ffunction-sections -fdata-sections  -g3 -T "E:/Source/repos/coro-mc-wwl-code/k22awaitmin_xt/Project_Settings/Linker_Files/ProcessorExpert.ld" -Xlinker --gc-sections -L"E:/Source/repos/coro-mc-wwl-code/k22awaitmin_xt/Project_Settings/Linker_Files" -Wl,-Map,"k22awaitmin_xt.map" -specs=nano.specs -specs=nosys.specs -o "k22awaitmin_xt.elf"  ./Static_Code/System/CPU_Init.o ./Static_Code/System/Peripherals_Init.o ./Static_Code/System/Vectors.o  ./Sources/Events.o ./Sources/main.o ./Sources/main_cpp.o ./Sources/min_services.o ./Sources/report_cycles.o ./Sources/task_test.o  ./Project_Settings/Startup_Code/startup.o  ./Generated_Code/Bit1.o ./Generated_Code/BitIoLdd1.o ./Generated_Code/Cpu.o ./Generated_Code/PE_LDD.o ./Generated_Code/pin_mux.o   
Finished building target: k22awaitmin_xt.elf
 
Invoking: Cross ARM GNU Print Size
arm-none-eabi-size --format=berkeley "k22awaitmin_xt.elf"
   text	   data	    bss	    dec	    hex	filename
   3920	    144	   1080	   5144	   1418	k22awaitmin_xt.elf
Finished building: k22awaitmin_xt.siz
 
16:19:17 **** Incremental Build of configuration Debug for project mqxmin_xt ****
make -j8 all 
Building file: ../Static_Code/System/CPU_Init.c
Building file: ../Static_Code/System/Peripherals_Init.c
Invoking: Cross ARM C Compiler
arm-none-eabi-gcc -mcpu=cortex-m4 -mthumb -mfloat-abi=hard -mfpu=fpv4-sp-d16 -O3 -fmessage-length=0 -fsigned-char -ffunction-sections -fdata-sections  -g3 -DMQXBUILD_EXTERNAL_TIMER -I"E:/Source/repos/coro-mc-wwl-code/mqxmin_xt/Static_Code/System" -I"E:/Source/repos/coro-mc-wwl-code/mqxmin_xt/Static_Code/PDD" -I"E:/Source/repos/coro-mc-wwl-code/mqxmin_xt/Static_Code/IO_Map" -I"E:\Freescale\KDS_v3\eclipse\ProcessorExpert/lib/Kinetis/pdd/inc" -I"E:/Source/repos/coro-mc-wwl-code/mqxmin_xt/Sources" -I"E:/Source/repos/coro-mc-wwl-code/mqxmin_xt/Generated_Code" -I"E:/Source/repos/coro-mc-wwl-code/mqxmin_xt/MQXLITE/include" -I"E:/Source/repos/coro-mc-wwl-code/mqxmin_xt/MQXLITE/config" -I"E:/Source/repos/coro-mc-wwl-code/mqxmin_xt/MQXLITE/kernel" -I"E:/Source/repos/coro-mc-wwl-code/mqxmin_xt/MQXLITE/psp/cortex_m" -I"E:/Source/repos/coro-mc-wwl-code/mqxmin_xt/MQXLITE/psp/cortex_m/core/M4" -I"E:/Source/repos/coro-mc-wwl-code/mqxmin_xt/MQXLITE/psp/cortex_m/compiler/cwgcc" -std=c99 -MMD -MP -MF"Static_Code/System/CPU_Init.d" -MT"Static_Code/System/CPU_Init.o" -c -o "Static_Code/System/CPU_Init.o" "../Static_Code/System/CPU_Init.c"
Invoking: Cross ARM C Compiler
arm-none-eabi-gcc -mcpu=cortex-m4 -mthumb -mfloat-abi=hard -mfpu=fpv4-sp-d16 -O3 -fmessage-length=0 -fsigned-char -ffunction-sections -fdata-sections  -g3 -DMQXBUILD_EXTERNAL_TIMER -I"E:/Source/repos/coro-mc-wwl-code/mqxmin_xt/Static_Code/System" -I"E:/Source/repos/coro-mc-wwl-code/mqxmin_xt/Static_Code/PDD" -I"E:/Source/repos/coro-mc-wwl-code/mqxmin_xt/Static_Code/IO_Map" -I"E:\Freescale\KDS_v3\eclipse\ProcessorExpert/lib/Kinetis/pdd/inc" -I"E:/Source/repos/coro-mc-wwl-code/mqxmin_xt/Sources" -I"E:/Source/repos/coro-mc-wwl-code/mqxmin_xt/Generated_Code" -I"E:/Source/repos/coro-mc-wwl-code/mqxmin_xt/MQXLITE/include" -I"E:/Source/repos/coro-mc-wwl-code/mqxmin_xt/MQXLITE/config" -I"E:/Source/repos/coro-mc-wwl-code/mqxmin_xt/MQXLITE/kernel" -I"E:/Source/repos/coro-mc-wwl-code/mqxmin_xt/MQXLITE/psp/cortex_m" -I"E:/Source/repos/coro-mc-wwl-code/mqxmin_xt/MQXLITE/psp/cortex_m/core/M4" -I"E:/Source/repos/coro-mc-wwl-code/mqxmin_xt/MQXLITE/psp/cortex_m/compiler/cwgcc" -std=c99 -MMD -MP -MF"Static_Code/System/Peripherals_Init.d" -MT"Static_Code/System/Peripherals_Init.o" -c -o "Static_Code/System/Peripherals_Init.o" "../Static_Code/System/Peripherals_Init.c"
Building file: ../Static_Code/System/Vectors.c
Building file: ../Sources/Events.c
Invoking: Cross ARM C Compiler
arm-none-eabi-gcc -mcpu=cortex-m4 -mthumb -mfloat-abi=hard -mfpu=fpv4-sp-d16 -O3 -fmessage-length=0 -fsigned-char -ffunction-sections -fdata-sections  -g3 -DMQXBUILD_EXTERNAL_TIMER -I"E:/Source/repos/coro-mc-wwl-code/mqxmin_xt/Static_Code/System" -I"E:/Source/repos/coro-mc-wwl-code/mqxmin_xt/Static_Code/PDD" -I"E:/Source/repos/coro-mc-wwl-code/mqxmin_xt/Static_Code/IO_Map" -I"E:\Freescale\KDS_v3\eclipse\ProcessorExpert/lib/Kinetis/pdd/inc" -I"E:/Source/repos/coro-mc-wwl-code/mqxmin_xt/Sources" -I"E:/Source/repos/coro-mc-wwl-code/mqxmin_xt/Generated_Code" -I"E:/Source/repos/coro-mc-wwl-code/mqxmin_xt/MQXLITE/include" -I"E:/Source/repos/coro-mc-wwl-code/mqxmin_xt/MQXLITE/config" -I"E:/Source/repos/coro-mc-wwl-code/mqxmin_xt/MQXLITE/kernel" -I"E:/Source/repos/coro-mc-wwl-code/mqxmin_xt/MQXLITE/psp/cortex_m" -I"E:/Source/repos/coro-mc-wwl-code/mqxmin_xt/MQXLITE/psp/cortex_m/core/M4" -I"E:/Source/repos/coro-mc-wwl-code/mqxmin_xt/MQXLITE/psp/cortex_m/compiler/cwgcc" -std=c99 -MMD -MP -MF"Static_Code/System/Vectors.d" -MT"Static_Code/System/Vectors.o" -c -o "Static_Code/System/Vectors.o" "../Static_Code/System/Vectors.c"
Invoking: Cross ARM C Compiler
arm-none-eabi-gcc -mcpu=cortex-m4 -mthumb -mfloat-abi=hard -mfpu=fpv4-sp-d16 -O3 -fmessage-length=0 -fsigned-char -ffunction-sections -fdata-sections  -g3 -DMQXBUILD_EXTERNAL_TIMER -I"E:/Source/repos/coro-mc-wwl-code/mqxmin_xt/Static_Code/System" -I"E:/Source/repos/coro-mc-wwl-code/mqxmin_xt/Static_Code/PDD" -I"E:/Source/repos/coro-mc-wwl-code/mqxmin_xt/Static_Code/IO_Map" -I"E:\Freescale\KDS_v3\eclipse\ProcessorExpert/lib/Kinetis/pdd/inc" -I"E:/Source/repos/coro-mc-wwl-code/mqxmin_xt/Sources" -I"E:/Source/repos/coro-mc-wwl-code/mqxmin_xt/Generated_Code" -I"E:/Source/repos/coro-mc-wwl-code/mqxmin_xt/MQXLITE/include" -I"E:/Source/repos/coro-mc-wwl-code/mqxmin_xt/MQXLITE/config" -I"E:/Source/repos/coro-mc-wwl-code/mqxmin_xt/MQXLITE/kernel" -I"E:/Source/repos/coro-mc-wwl-code/mqxmin_xt/MQXLITE/psp/cortex_m" -I"E:/Source/repos/coro-mc-wwl-code/mqxmin_xt/MQXLITE/psp/cortex_m/core/M4" -I"E:/Source/repos/coro-mc-wwl-code/mqxmin_xt/MQXLITE/psp/cortex_m/compiler/cwgcc" -std=c99 -MMD -MP -MF"Sources/Events.d" -MT"Sources/Events.o" -c -o "Sources/Events.o" "../Sources/Events.c"
Finished building: ../Static_Code/System/Peripherals_Init.c
 
Finished building: ../Static_Code/System/CPU_Init.c
Building file: ../Sources/main.c
 
Invoking: Cross ARM C Compiler
arm-none-eabi-gcc -mcpu=cortex-m4 -mthumb -mfloat-abi=hard -mfpu=fpv4-sp-d16 -O3 -fmessage-length=0 -fsigned-char -ffunction-sections -fdata-sections  -g3 -DMQXBUILD_EXTERNAL_TIMER -I"E:/Source/repos/coro-mc-wwl-code/mqxmin_xt/Static_Code/System" -I"E:/Source/repos/coro-mc-wwl-code/mqxmin_xt/Static_Code/PDD" -I"E:/Source/repos/coro-mc-wwl-code/mqxmin_xt/Static_Code/IO_Map" -I"E:\Freescale\KDS_v3\eclipse\ProcessorExpert/lib/Kinetis/pdd/inc" -I"E:/Source/repos/coro-mc-wwl-code/mqxmin_xt/Sources" -I"E:/Source/repos/coro-mc-wwl-code/mqxmin_xt/Generated_Code" -I"E:/Source/repos/coro-mc-wwl-code/mqxmin_xt/MQXLITE/include" -I"E:/Source/repos/coro-mc-wwl-code/mqxmin_xt/MQXLITE/config" -I"E:/Source/repos/coro-mc-wwl-code/mqxmin_xt/MQXLITE/kernel" -I"E:/Source/repos/coro-mc-wwl-code/mqxmin_xt/MQXLITE/psp/cortex_m" -I"E:/Source/repos/coro-mc-wwl-code/mqxmin_xt/MQXLITE/psp/cortex_m/core/M4" -I"E:/Source/repos/coro-mc-wwl-code/mqxmin_xt/MQXLITE/psp/cortex_m/compiler/cwgcc" -std=c99 -MMD -MP -MF"Sources/main.d" -MT"Sources/main.o" -c -o "Sources/main.o" "../Sources/main.c"
Building file: ../Sources/mqx_tasks.c
Invoking: Cross ARM C Compiler
arm-none-eabi-gcc -mcpu=cortex-m4 -mthumb -mfloat-abi=hard -mfpu=fpv4-sp-d16 -O3 -fmessage-length=0 -fsigned-char -ffunction-sections -fdata-sections  -g3 -DMQXBUILD_EXTERNAL_TIMER -I"E:/Source/repos/coro-mc-wwl-code/mqxmin_xt/Static_Code/System" -I"E:/Source/repos/coro-mc-wwl-code/mqxmin_xt/Static_Code/PDD" -I"E:/Source/repos/coro-mc-wwl-code/mqxmin_xt/Static_Code/IO_Map" -I"E:\Freescale\KDS_v3\eclipse\ProcessorExpert/lib/Kinetis/pdd/inc" -I"E:/Source/repos/coro-mc-wwl-code/mqxmin_xt/Sources" -I"E:/Source/repos/coro-mc-wwl-code/mqxmin_xt/Generated_Code" -I"E:/Source/repos/coro-mc-wwl-code/mqxmin_xt/MQXLITE/include" -I"E:/Source/repos/coro-mc-wwl-code/mqxmin_xt/MQXLITE/config" -I"E:/Source/repos/coro-mc-wwl-code/mqxmin_xt/MQXLITE/kernel" -I"E:/Source/repos/coro-mc-wwl-code/mqxmin_xt/MQXLITE/psp/cortex_m" -I"E:/Source/repos/coro-mc-wwl-code/mqxmin_xt/MQXLITE/psp/cortex_m/core/M4" -I"E:/Source/repos/coro-mc-wwl-code/mqxmin_xt/MQXLITE/psp/cortex_m/compiler/cwgcc" -std=c99 -MMD -MP -MF"Sources/mqx_tasks.d" -MT"Sources/mqx_tasks.o" -c -o "Sources/mqx_tasks.o" "../Sources/mqx_tasks.c"
Finished building: ../Static_Code/System/Vectors.c
 
Finished building: ../Sources/Events.c
Building file: ../Project_Settings/Startup_Code/startup.c
 
Invoking: Cross ARM C Compiler
arm-none-eabi-gcc -mcpu=cortex-m4 -mthumb -mfloat-abi=hard -mfpu=fpv4-sp-d16 -O3 -fmessage-length=0 -fsigned-char -ffunction-sections -fdata-sections  -g3 -DMQXBUILD_EXTERNAL_TIMER -I"E:/Source/repos/coro-mc-wwl-code/mqxmin_xt/Static_Code/System" -I"E:/Source/repos/coro-mc-wwl-code/mqxmin_xt/Static_Code/PDD" -I"E:/Source/repos/coro-mc-wwl-code/mqxmin_xt/Static_Code/IO_Map" -I"E:\Freescale\KDS_v3\eclipse\ProcessorExpert/lib/Kinetis/pdd/inc" -I"E:/Source/repos/coro-mc-wwl-code/mqxmin_xt/Sources" -I"E:/Source/repos/coro-mc-wwl-code/mqxmin_xt/Generated_Code" -I"E:/Source/repos/coro-mc-wwl-code/mqxmin_xt/MQXLITE/include" -I"E:/Source/repos/coro-mc-wwl-code/mqxmin_xt/MQXLITE/config" -I"E:/Source/repos/coro-mc-wwl-code/mqxmin_xt/MQXLITE/kernel" -I"E:/Source/repos/coro-mc-wwl-code/mqxmin_xt/MQXLITE/psp/cortex_m" -I"E:/Source/repos/coro-mc-wwl-code/mqxmin_xt/MQXLITE/psp/cortex_m/core/M4" -I"E:/Source/repos/coro-mc-wwl-code/mqxmin_xt/MQXLITE/psp/cortex_m/compiler/cwgcc" -std=c99 -MMD -MP -MF"Project_Settings/Startup_Code/startup.d" -MT"Project_Settings/Startup_Code/startup.o" -c -o "Project_Settings/Startup_Code/startup.o" "../Project_Settings/Startup_Code/startup.c"
Building file: ../MQXLITE/psp/cortex_m/core/M4/boot.S
Invoking: Cross ARM GNU Assembler
arm-none-eabi-gcc -mcpu=cortex-m4 -mthumb -mfloat-abi=hard -mfpu=fpv4-sp-d16 -O3 -fmessage-length=0 -fsigned-char -ffunction-sections -fdata-sections  -g3 -x assembler-with-cpp -I"E:/Source/repos/coro-mc-wwl-code/mqxmin_xt/MQXLITE/include" -I"E:/Source/repos/coro-mc-wwl-code/mqxmin_xt/MQXLITE/config" -I"E:/Source/repos/coro-mc-wwl-code/mqxmin_xt/MQXLITE/kernel" -I"E:/Source/repos/coro-mc-wwl-code/mqxmin_xt/MQXLITE/psp/cortex_m" -I"E:/Source/repos/coro-mc-wwl-code/mqxmin_xt/MQXLITE/psp/cortex_m/core/M4" -I"E:/Source/repos/coro-mc-wwl-code/mqxmin_xt/MQXLITE/psp/cortex_m/compiler/cwgcc" -MMD -MP -MF"MQXLITE/psp/cortex_m/core/M4/boot.d" -MT"MQXLITE/psp/cortex_m/core/M4/boot.o" -c -o "MQXLITE/psp/cortex_m/core/M4/boot.o" "../MQXLITE/psp/cortex_m/core/M4/boot.S"
Finished building: ../Sources/main.c
 
Building file: ../MQXLITE/psp/cortex_m/core/M4/dispatch.S
Building file: ../MQXLITE/psp/cortex_m/cortex.c
Invoking: Cross ARM GNU Assembler
arm-none-eabi-gcc -mcpu=cortex-m4 -mthumb -mfloat-abi=hard -mfpu=fpv4-sp-d16 -O3 -fmessage-length=0 -fsigned-char -ffunction-sections -fdata-sections  -g3 -x assembler-with-cpp -I"E:/Source/repos/coro-mc-wwl-code/mqxmin_xt/MQXLITE/include" -I"E:/Source/repos/coro-mc-wwl-code/mqxmin_xt/MQXLITE/config" -I"E:/Source/repos/coro-mc-wwl-code/mqxmin_xt/MQXLITE/kernel" -I"E:/Source/repos/coro-mc-wwl-code/mqxmin_xt/MQXLITE/psp/cortex_m" -I"E:/Source/repos/coro-mc-wwl-code/mqxmin_xt/MQXLITE/psp/cortex_m/core/M4" -I"E:/Source/repos/coro-mc-wwl-code/mqxmin_xt/MQXLITE/psp/cortex_m/compiler/cwgcc" -MMD -MP -MF"MQXLITE/psp/cortex_m/core/M4/dispatch.d" -MT"MQXLITE/psp/cortex_m/core/M4/dispatch.o" -c -o "MQXLITE/psp/cortex_m/core/M4/dispatch.o" "../MQXLITE/psp/cortex_m/core/M4/dispatch.S"
Invoking: Cross ARM C Compiler
Finished building: ../MQXLITE/psp/cortex_m/core/M4/boot.S
Finished building: ../Sources/mqx_tasks.c
arm-none-eabi-gcc -mcpu=cortex-m4 -mthumb -mfloat-abi=hard -mfpu=fpv4-sp-d16 -O3 -fmessage-length=0 -fsigned-char -ffunction-sections -fdata-sections  -g3 -DMQXBUILD_EXTERNAL_TIMER -I"E:/Source/repos/coro-mc-wwl-code/mqxmin_xt/Static_Code/System" -I"E:/Source/repos/coro-mc-wwl-code/mqxmin_xt/Static_Code/PDD" -I"E:/Source/repos/coro-mc-wwl-code/mqxmin_xt/Static_Code/IO_Map" -I"E:\Freescale\KDS_v3\eclipse\ProcessorExpert/lib/Kinetis/pdd/inc" -I"E:/Source/repos/coro-mc-wwl-code/mqxmin_xt/Sources" -I"E:/Source/repos/coro-mc-wwl-code/mqxmin_xt/Generated_Code" -I"E:/Source/repos/coro-mc-wwl-code/mqxmin_xt/MQXLITE/include" -I"E:/Source/repos/coro-mc-wwl-code/mqxmin_xt/MQXLITE/config" -I"E:/Source/repos/coro-mc-wwl-code/mqxmin_xt/MQXLITE/kernel" -I"E:/Source/repos/coro-mc-wwl-code/mqxmin_xt/MQXLITE/psp/cortex_m" -I"E:/Source/repos/coro-mc-wwl-code/mqxmin_xt/MQXLITE/psp/cortex_m/core/M4" -I"E:/Source/repos/coro-mc-wwl-code/mqxmin_xt/MQXLITE/psp/cortex_m/compiler/cwgcc" -std=c99 -MMD -MP -MF"MQXLITE/psp/cortex_m/cortex.d" -MT"MQXLITE/psp/cortex_m/cortex.o" -c -o "MQXLITE/psp/cortex_m/cortex.o" "../MQXLITE/psp/cortex_m/cortex.c"
Finished building: ../Project_Settings/Startup_Code/startup.c
Finished building: ../MQXLITE/psp/cortex_m/core/M4/dispatch.S
 
 
 
 
Building file: ../MQXLITE/psp/cortex_m/int_gkis.c
Building file: ../MQXLITE/psp/cortex_m/int_inst.c
Invoking: Cross ARM C Compiler
arm-none-eabi-gcc -mcpu=cortex-m4 -mthumb -mfloat-abi=hard -mfpu=fpv4-sp-d16 -O3 -fmessage-length=0 -fsigned-char -ffunction-sections -fdata-sections  -g3 -DMQXBUILD_EXTERNAL_TIMER -I"E:/Source/repos/coro-mc-wwl-code/mqxmin_xt/Static_Code/System" -I"E:/Source/repos/coro-mc-wwl-code/mqxmin_xt/Static_Code/PDD" -I"E:/Source/repos/coro-mc-wwl-code/mqxmin_xt/Static_Code/IO_Map" -I"E:\Freescale\KDS_v3\eclipse\ProcessorExpert/lib/Kinetis/pdd/inc" -I"E:/Source/repos/coro-mc-wwl-code/mqxmin_xt/Sources" -I"E:/Source/repos/coro-mc-wwl-code/mqxmin_xt/Generated_Code" -I"E:/Source/repos/coro-mc-wwl-code/mqxmin_xt/MQXLITE/include" -I"E:/Source/repos/coro-mc-wwl-code/mqxmin_xt/MQXLITE/config" -I"E:/Source/repos/coro-mc-wwl-code/mqxmin_xt/MQXLITE/kernel" -I"E:/Source/repos/coro-mc-wwl-code/mqxmin_xt/MQXLITE/psp/cortex_m" -I"E:/Source/repos/coro-mc-wwl-code/mqxmin_xt/MQXLITE/psp/cortex_m/core/M4" -I"E:/Source/repos/coro-mc-wwl-code/mqxmin_xt/MQXLITE/psp/cortex_m/compiler/cwgcc" -std=c99 -MMD -MP -MF"MQXLITE/psp/cortex_m/int_gkis.d" -MT"MQXLITE/psp/cortex_m/int_gkis.o" -c -o "MQXLITE/psp/cortex_m/int_gkis.o" "../MQXLITE/psp/cortex_m/int_gkis.c"
Invoking: Cross ARM C Compiler
arm-none-eabi-gcc -mcpu=cortex-m4 -mthumb -mfloat-abi=hard -mfpu=fpv4-sp-d16 -O3 -fmessage-length=0 -fsigned-char -ffunction-sections -fdata-sections  -g3 -DMQXBUILD_EXTERNAL_TIMER -I"E:/Source/repos/coro-mc-wwl-code/mqxmin_xt/Static_Code/System" -I"E:/Source/repos/coro-mc-wwl-code/mqxmin_xt/Static_Code/PDD" -I"E:/Source/repos/coro-mc-wwl-code/mqxmin_xt/Static_Code/IO_Map" -I"E:\Freescale\KDS_v3\eclipse\ProcessorExpert/lib/Kinetis/pdd/inc" -I"E:/Source/repos/coro-mc-wwl-code/mqxmin_xt/Sources" -I"E:/Source/repos/coro-mc-wwl-code/mqxmin_xt/Generated_Code" -I"E:/Source/repos/coro-mc-wwl-code/mqxmin_xt/MQXLITE/include" -I"E:/Source/repos/coro-mc-wwl-code/mqxmin_xt/MQXLITE/config" -I"E:/Source/repos/coro-mc-wwl-code/mqxmin_xt/MQXLITE/kernel" -I"E:/Source/repos/coro-mc-wwl-code/mqxmin_xt/MQXLITE/psp/cortex_m" -I"E:/Source/repos/coro-mc-wwl-code/mqxmin_xt/MQXLITE/psp/cortex_m/core/M4" -I"E:/Source/repos/coro-mc-wwl-code/mqxmin_xt/MQXLITE/psp/cortex_m/compiler/cwgcc" -std=c99 -MMD -MP -MF"MQXLITE/psp/cortex_m/int_inst.d" -MT"MQXLITE/psp/cortex_m/int_inst.o" -c -o "MQXLITE/psp/cortex_m/int_inst.o" "../MQXLITE/psp/cortex_m/int_inst.c"
Finished building: ../MQXLITE/psp/cortex_m/cortex.c
Building file: ../MQXLITE/psp/cortex_m/int_kisr.c
 
Invoking: Cross ARM C Compiler
arm-none-eabi-gcc -mcpu=cortex-m4 -mthumb -mfloat-abi=hard -mfpu=fpv4-sp-d16 -O3 -fmessage-length=0 -fsigned-char -ffunction-sections -fdata-sections  -g3 -DMQXBUILD_EXTERNAL_TIMER -I"E:/Source/repos/coro-mc-wwl-code/mqxmin_xt/Static_Code/System" -I"E:/Source/repos/coro-mc-wwl-code/mqxmin_xt/Static_Code/PDD" -I"E:/Source/repos/coro-mc-wwl-code/mqxmin_xt/Static_Code/IO_Map" -I"E:\Freescale\KDS_v3\eclipse\ProcessorExpert/lib/Kinetis/pdd/inc" -I"E:/Source/repos/coro-mc-wwl-code/mqxmin_xt/Sources" -I"E:/Source/repos/coro-mc-wwl-code/mqxmin_xt/Generated_Code" -I"E:/Source/repos/coro-mc-wwl-code/mqxmin_xt/MQXLITE/include" -I"E:/Source/repos/coro-mc-wwl-code/mqxmin_xt/MQXLITE/config" -I"E:/Source/repos/coro-mc-wwl-code/mqxmin_xt/MQXLITE/kernel" -I"E:/Source/repos/coro-mc-wwl-code/mqxmin_xt/MQXLITE/psp/cortex_m" -I"E:/Source/repos/coro-mc-wwl-code/mqxmin_xt/MQXLITE/psp/cortex_m/core/M4" -I"E:/Source/repos/coro-mc-wwl-code/mqxmin_xt/MQXLITE/psp/cortex_m/compiler/cwgcc" -std=c99 -MMD -MP -MF"MQXLITE/psp/cortex_m/int_kisr.d" -MT"MQXLITE/psp/cortex_m/int_kisr.o" -c -o "MQXLITE/psp/cortex_m/int_kisr.o" "../MQXLITE/psp/cortex_m/int_kisr.c"
Building file: ../MQXLITE/psp/cortex_m/int_pvta.c
Invoking: Cross ARM C Compiler
[...]
Finished building: ../Generated_Code/BitIoLdd1.c
arm-none-eabi-gcc -mcpu=cortex-m4 -mthumb -mfloat-abi=hard -mfpu=fpv4-sp-d16 -O0 -fmessage-length=0 -fsigned-char -ffunction-sections -fdata-sections  -g3 -I"E:/Source/repos/coro-mc-wwl-code/freertos_xt/Static_Code/System" -I"E:/Source/repos/coro-mc-wwl-code/freertos_xt/Static_Code/PDD" -I"E:/Source/repos/coro-mc-wwl-code/freertos_xt/Static_Code/IO_Map" -I"E:\Freescale\KDS_v3\eclipse\ProcessorExpert/lib/Kinetis/pdd/inc" -I"E:/Source/repos/coro-mc-wwl-code/freertos_xt/Sources" -I"E:/Source/repos/coro-mc-wwl-code/freertos_xt/Generated_Code" -std=c99 -MMD -MP -MF"Generated_Code/LED1.d" -MT"Generated_Code/LED1.o" -c -o "Generated_Code/LED1.o" "../Generated_Code/LED1.c"
Finished building: ../Sources/main.c
 
Finished building: ../Generated_Code/Cpu.c
 
 
Building file: ../Generated_Code/LEDpin1.c
Building file: ../Generated_Code/MCUC1.c
Invoking: Cross ARM C Compiler
arm-none-eabi-gcc -mcpu=cortex-m4 -mthumb -mfloat-abi=hard -mfpu=fpv4-sp-d16 -O0 -fmessage-length=0 -fsigned-char -ffunction-sections -fdata-sections  -g3 -I"E:/Source/repos/coro-mc-wwl-code/freertos_xt/Static_Code/System" -I"E:/Source/repos/coro-mc-wwl-code/freertos_xt/Static_Code/PDD" -I"E:/Source/repos/coro-mc-wwl-code/freertos_xt/Static_Code/IO_Map" -I"E:\Freescale\KDS_v3\eclipse\ProcessorExpert/lib/Kinetis/pdd/inc" -I"E:/Source/repos/coro-mc-wwl-code/freertos_xt/Sources" -I"E:/Source/repos/coro-mc-wwl-code/freertos_xt/Generated_Code" -std=c99 -MMD -MP -MF"Generated_Code/LEDpin1.d" -MT"Generated_Code/LEDpin1.o" -c -o "Generated_Code/LEDpin1.o" "../Generated_Code/LEDpin1.c"
Invoking: Cross ARM C Compiler
Finished building: ../Generated_Code/FRTOS1.c
arm-none-eabi-gcc -mcpu=cortex-m4 -mthumb -mfloat-abi=hard -mfpu=fpv4-sp-d16 -O0 -fmessage-length=0 -fsigned-char -ffunction-sections -fdata-sections  -g3 -I"E:/Source/repos/coro-mc-wwl-code/freertos_xt/Static_Code/System" -I"E:/Source/repos/coro-mc-wwl-code/freertos_xt/Static_Code/PDD" -I"E:/Source/repos/coro-mc-wwl-code/freertos_xt/Static_Code/IO_Map" -I"E:\Freescale\KDS_v3\eclipse\ProcessorExpert/lib/Kinetis/pdd/inc" -I"E:/Source/repos/coro-mc-wwl-code/freertos_xt/Sources" -I"E:/Source/repos/coro-mc-wwl-code/freertos_xt/Generated_Code" -std=c99 -MMD -MP -MF"Generated_Code/MCUC1.d" -MT"Generated_Code/MCUC1.o" -c -o "Generated_Code/MCUC1.o" "../Generated_Code/MCUC1.c"
Finished building: ../Generated_Code/LED1.c
 
 
Building file: ../Generated_Code/PE_LDD.c
Building file: ../Generated_Code/UTIL1.c
Invoking: Cross ARM C Compiler
arm-none-eabi-gcc -mcpu=cortex-m4 -mthumb -mfloat-abi=hard -mfpu=fpv4-sp-d16 -O0 -fmessage-length=0 -fsigned-char -ffunction-sections -fdata-sections  -g3 -I"E:/Source/repos/coro-mc-wwl-code/freertos_xt/Static_Code/System" -I"E:/Source/repos/coro-mc-wwl-code/freertos_xt/Static_Code/PDD" -I"E:/Source/repos/coro-mc-wwl-code/freertos_xt/Static_Code/IO_Map" -I"E:\Freescale\KDS_v3\eclipse\ProcessorExpert/lib/Kinetis/pdd/inc" -I"E:/Source/repos/coro-mc-wwl-code/freertos_xt/Sources" -I"E:/Source/repos/coro-mc-wwl-code/freertos_xt/Generated_Code" -std=c99 -MMD -MP -MF"Generated_Code/PE_LDD.d" -MT"Generated_Code/PE_LDD.o" -c -o "Generated_Code/PE_LDD.o" "../Generated_Code/PE_LDD.c"
Invoking: Cross ARM C Compiler
arm-none-eabi-gcc -mcpu=cortex-m4 -mthumb -mfloat-abi=hard -mfpu=fpv4-sp-d16 -O0 -fmessage-length=0 -fsigned-char -ffunction-sections -fdata-sections  -g3 -I"E:/Source/repos/coro-mc-wwl-code/freertos_xt/Static_Code/System" -I"E:/Source/repos/coro-mc-wwl-code/freertos_xt/Static_Code/PDD" -I"E:/Source/repos/coro-mc-wwl-code/freertos_xt/Static_Code/IO_Map" -I"E:\Freescale\KDS_v3\eclipse\ProcessorExpert/lib/Kinetis/pdd/inc" -I"E:/Source/repos/coro-mc-wwl-code/freertos_xt/Sources" -I"E:/Source/repos/coro-mc-wwl-code/freertos_xt/Generated_Code" -std=c99 -MMD -MP -MF"Generated_Code/UTIL1.d" -MT"Generated_Code/UTIL1.o" -c -o "Generated_Code/UTIL1.o" "../Generated_Code/UTIL1.c"
Finished building: ../Generated_Code/LEDpin1.c
Finished building: ../Generated_Code/MCUC1.c
 
 
Building file: ../Generated_Code/croutine.c
Building file: ../Generated_Code/event_groups.c
Invoking: Cross ARM C Compiler
arm-none-eabi-gcc -mcpu=cortex-m4 -mthumb -mfloat-abi=hard -mfpu=fpv4-sp-d16 -O0 -fmessage-length=0 -fsigned-char -ffunction-sections -fdata-sections  -g3 -I"E:/Source/repos/coro-mc-wwl-code/freertos_xt/Static_Code/System" -I"E:/Source/repos/coro-mc-wwl-code/freertos_xt/Static_Code/PDD" -I"E:/Source/repos/coro-mc-wwl-code/freertos_xt/Static_Code/IO_Map" -I"E:\Freescale\KDS_v3\eclipse\ProcessorExpert/lib/Kinetis/pdd/inc" -I"E:/Source/repos/coro-mc-wwl-code/freertos_xt/Sources" -I"E:/Source/repos/coro-mc-wwl-code/freertos_xt/Generated_Code" -std=c99 -MMD -MP -MF"Generated_Code/croutine.d" -MT"Generated_Code/croutine.o" -c -o "Generated_Code/croutine.o" "../Generated_Code/croutine.c"
Invoking: Cross ARM C Compiler
arm-none-eabi-gcc -mcpu=cortex-m4 -mthumb -mfloat-abi=hard -mfpu=fpv4-sp-d16 -O0 -fmessage-length=0 -fsigned-char -ffunction-sections -fdata-sections  -g3 -I"E:/Source/repos/coro-mc-wwl-code/freertos_xt/Static_Code/System" -I"E:/Source/repos/coro-mc-wwl-code/freertos_xt/Static_Code/PDD" -I"E:/Source/repos/coro-mc-wwl-code/freertos_xt/Static_Code/IO_Map" -I"E:\Freescale\KDS_v3\eclipse\ProcessorExpert/lib/Kinetis/pdd/inc" -I"E:/Source/repos/coro-mc-wwl-code/freertos_xt/Sources" -I"E:/Source/repos/coro-mc-wwl-code/freertos_xt/Generated_Code" -std=c99 -MMD -MP -MF"Generated_Code/event_groups.d" -MT"Generated_Code/event_groups.o" -c -o "Generated_Code/event_groups.o" "../Generated_Code/event_groups.c"
Finished building: ../Generated_Code/PE_LDD.c
 
Finished building: ../Generated_Code/UTIL1.c
Building file: ../Generated_Code/heap_1.c
 
Invoking: Cross ARM C Compiler
arm-none-eabi-gcc -mcpu=cortex-m4 -mthumb -mfloat-abi=hard -mfpu=fpv4-sp-d16 -O0 -fmessage-length=0 -fsigned-char -ffunction-sections -fdata-sections  -g3 -I"E:/Source/repos/coro-mc-wwl-code/freertos_xt/Static_Code/System" -I"E:/Source/repos/coro-mc-wwl-code/freertos_xt/Static_Code/PDD" -I"E:/Source/repos/coro-mc-wwl-code/freertos_xt/Static_Code/IO_Map" -I"E:\Freescale\KDS_v3\eclipse\ProcessorExpert/lib/Kinetis/pdd/inc" -I"E:/Source/repos/coro-mc-wwl-code/freertos_xt/Sources" -I"E:/Source/repos/coro-mc-wwl-code/freertos_xt/Generated_Code" -std=c99 -MMD -MP -MF"Generated_Code/heap_1.d" -MT"Generated_Code/heap_1.o" -c -o "Generated_Code/heap_1.o" "../Generated_Code/heap_1.c"
Building file: ../Generated_Code/heap_2.c
Finished building: ../Generated_Code/croutine.c
Invoking: Cross ARM C Compiler
arm-none-eabi-gcc -mcpu=cortex-m4 -mthumb -mfloat-abi=hard -mfpu=fpv4-sp-d16 -O0 -fmessage-length=0 -fsigned-char -ffunction-sections -fdata-sections  -g3 -I"E:/Source/repos/coro-mc-wwl-code/freertos_xt/Static_Code/System" -I"E:/Source/repos/coro-mc-wwl-code/freertos_xt/Static_Code/PDD" -I"E:/Source/repos/coro-mc-wwl-code/freertos_xt/Static_Code/IO_Map" -I"E:\Freescale\KDS_v3\eclipse\ProcessorExpert/lib/Kinetis/pdd/inc" -I"E:/Source/repos/coro-mc-wwl-code/freertos_xt/Sources" -I"E:/Source/repos/coro-mc-wwl-code/freertos_xt/Generated_Code" -std=c99 -MMD -MP -MF"Generated_Code/heap_2.d" -MT"Generated_Code/heap_2.o" -c -o "Generated_Code/heap_2.o" "../Generated_Code/heap_2.c"
 
Finished building: ../Generated_Code/event_groups.c
Building file: ../Generated_Code/heap_3.c
 
Invoking: Cross ARM C Compiler
arm-none-eabi-gcc -mcpu=cortex-m4 -mthumb -mfloat-abi=hard -mfpu=fpv4-sp-d16 -O0 -fmessage-length=0 -fsigned-char -ffunction-sections -fdata-sections  -g3 -I"E:/Source/repos/coro-mc-wwl-code/freertos_xt/Static_Code/System" -I"E:/Source/repos/coro-mc-wwl-code/freertos_xt/Static_Code/PDD" -I"E:/Source/repos/coro-mc-wwl-code/freertos_xt/Static_Code/IO_Map" -I"E:\Freescale\KDS_v3\eclipse\ProcessorExpert/lib/Kinetis/pdd/inc" -I"E:/Source/repos/coro-mc-wwl-code/freertos_xt/Sources" -I"E:/Source/repos/coro-mc-wwl-code/freertos_xt/Generated_Code" -std=c99 -MMD -MP -MF"Generated_Code/heap_3.d" -MT"Generated_Code/heap_3.o" -c -o "Generated_Code/heap_3.o" "../Generated_Code/heap_3.c"
Building file: ../Generated_Code/heap_4.c
Finished building: ../Generated_Code/heap_1.c
Invoking: Cross ARM C Compiler
arm-none-eabi-gcc -mcpu=cortex-m4 -mthumb -mfloat-abi=hard -mfpu=fpv4-sp-d16 -O0 -fmessage-length=0 -fsigned-char -ffunction-sections -fdata-sections  -g3 -I"E:/Source/repos/coro-mc-wwl-code/freertos_xt/Static_Code/System" -I"E:/Source/repos/coro-mc-wwl-code/freertos_xt/Static_Code/PDD" -I"E:/Source/repos/coro-mc-wwl-code/freertos_xt/Static_Code/IO_Map" -I"E:\Freescale\KDS_v3\eclipse\ProcessorExpert/lib/Kinetis/pdd/inc" -I"E:/Source/repos/coro-mc-wwl-code/freertos_xt/Sources" -I"E:/Source/repos/coro-mc-wwl-code/freertos_xt/Generated_Code" -std=c99 -MMD -MP -MF"Generated_Code/heap_4.d" -MT"Generated_Code/heap_4.o" -c -o "Generated_Code/heap_4.o" "../Generated_Code/heap_4.c"
 
Finished building: ../Generated_Code/heap_2.c
Building file: ../Generated_Code/heap_5.c
 
Invoking: Cross ARM C Compiler
arm-none-eabi-gcc -mcpu=cortex-m4 -mthumb -mfloat-abi=hard -mfpu=fpv4-sp-d16 -O0 -fmessage-length=0 -fsigned-char -ffunction-sections -fdata-sections  -g3 -I"E:/Source/repos/coro-mc-wwl-code/freertos_xt/Static_Code/System" -I"E:/Source/repos/coro-mc-wwl-code/freertos_xt/Static_Code/PDD" -I"E:/Source/repos/coro-mc-wwl-code/freertos_xt/Static_Code/IO_Map" -I"E:\Freescale\KDS_v3\eclipse\ProcessorExpert/lib/Kinetis/pdd/inc" -I"E:/Source/repos/coro-mc-wwl-code/freertos_xt/Sources" -I"E:/Source/repos/coro-mc-wwl-code/freertos_xt/Generated_Code" -std=c99 -MMD -MP -MF"Generated_Code/heap_5.d" -MT"Generated_Code/heap_5.o" -c -o "Generated_Code/heap_5.o" "../Generated_Code/heap_5.c"
Building file: ../Generated_Code/heap_useNewlib.c
Finished building: ../Generated_Code/heap_3.c
Invoking: Cross ARM C Compiler
arm-none-eabi-gcc -mcpu=cortex-m4 -mthumb -mfloat-abi=hard -mfpu=fpv4-sp-d16 -O0 -fmessage-length=0 -fsigned-char -ffunction-sections -fdata-sections  -g3 -I"E:/Source/repos/coro-mc-wwl-code/freertos_xt/Static_Code/System" -I"E:/Source/repos/coro-mc-wwl-code/freertos_xt/Static_Code/PDD" -I"E:/Source/repos/coro-mc-wwl-code/freertos_xt/Static_Code/IO_Map" -I"E:\Freescale\KDS_v3\eclipse\ProcessorExpert/lib/Kinetis/pdd/inc" -I"E:/Source/repos/coro-mc-wwl-code/freertos_xt/Sources" -I"E:/Source/repos/coro-mc-wwl-code/freertos_xt/Generated_Code" -std=c99 -MMD -MP -MF"Generated_Code/heap_useNewlib.d" -MT"Generated_Code/heap_useNewlib.o" -c -o "Generated_Code/heap_useNewlib.o" "../Generated_Code/heap_useNewlib.c"
 
Finished building: ../Generated_Code/heap_4.c
Building file: ../Generated_Code/list.c
 
Invoking: Cross ARM C Compiler
arm-none-eabi-gcc -mcpu=cortex-m4 -mthumb -mfloat-abi=hard -mfpu=fpv4-sp-d16 -O0 -fmessage-length=0 -fsigned-char -ffunction-sections -fdata-sections  -g3 -I"E:/Source/repos/coro-mc-wwl-code/freertos_xt/Static_Code/System" -I"E:/Source/repos/coro-mc-wwl-code/freertos_xt/Static_Code/PDD" -I"E:/Source/repos/coro-mc-wwl-code/freertos_xt/Static_Code/IO_Map" -I"E:\Freescale\KDS_v3\eclipse\ProcessorExpert/lib/Kinetis/pdd/inc" -I"E:/Source/repos/coro-mc-wwl-code/freertos_xt/Sources" -I"E:/Source/repos/coro-mc-wwl-code/freertos_xt/Generated_Code" -std=c99 -MMD -MP -MF"Generated_Code/list.d" -MT"Generated_Code/list.o" -c -o "Generated_Code/list.o" "../Generated_Code/list.c"
Building file: ../Generated_Code/mpu_wrappers.c
Finished building: ../Generated_Code/heap_5.c
Invoking: Cross ARM C Compiler
arm-none-eabi-gcc -mcpu=cortex-m4 -mthumb -mfloat-abi=hard -mfpu=fpv4-sp-d16 -O0 -fmessage-length=0 -fsigned-char -ffunction-sections -fdata-sections  -g3 -I"E:/Source/repos/coro-mc-wwl-code/freertos_xt/Static_Code/System" -I"E:/Source/repos/coro-mc-wwl-code/freertos_xt/Static_Code/PDD" -I"E:/Source/repos/coro-mc-wwl-code/freertos_xt/Static_Code/IO_Map" -I"E:\Freescale\KDS_v3\eclipse\ProcessorExpert/lib/Kinetis/pdd/inc" -I"E:/Source/repos/coro-mc-wwl-code/freertos_xt/Sources" -I"E:/Source/repos/coro-mc-wwl-code/freertos_xt/Generated_Code" -std=c99 -MMD -MP -MF"Generated_Code/mpu_wrappers.d" -MT"Generated_Code/mpu_wrappers.o" -c -o "Generated_Code/mpu_wrappers.o" "../Generated_Code/mpu_wrappers.c"
 
Finished building: ../Generated_Code/heap_useNewlib.c
Building file: ../Generated_Code/pin_mux.c
 
Invoking: Cross ARM C Compiler
arm-none-eabi-gcc -mcpu=cortex-m4 -mthumb -mfloat-abi=hard -mfpu=fpv4-sp-d16 -O0 -fmessage-length=0 -fsigned-char -ffunction-sections -fdata-sections  -g3 -I"E:/Source/repos/coro-mc-wwl-code/freertos_xt/Static_Code/System" -I"E:/Source/repos/coro-mc-wwl-code/freertos_xt/Static_Code/PDD" -I"E:/Source/repos/coro-mc-wwl-code/freertos_xt/Static_Code/IO_Map" -I"E:\Freescale\KDS_v3\eclipse\ProcessorExpert/lib/Kinetis/pdd/inc" -I"E:/Source/repos/coro-mc-wwl-code/freertos_xt/Sources" -I"E:/Source/repos/coro-mc-wwl-code/freertos_xt/Generated_Code" -std=c99 -MMD -MP -MF"Generated_Code/pin_mux.d" -MT"Generated_Code/pin_mux.o" -c -o "Generated_Code/pin_mux.o" "../Generated_Code/pin_mux.c"
Building file: ../Generated_Code/port.c
Finished building: ../Generated_Code/list.c
Invoking: Cross ARM C Compiler
arm-none-eabi-gcc -mcpu=cortex-m4 -mthumb -mfloat-abi=hard -mfpu=fpv4-sp-d16 -O0 -fmessage-length=0 -fsigned-char -ffunction-sections -fdata-sections  -g3 -I"E:/Source/repos/coro-mc-wwl-code/freertos_xt/Static_Code/System" -I"E:/Source/repos/coro-mc-wwl-code/freertos_xt/Static_Code/PDD" -I"E:/Source/repos/coro-mc-wwl-code/freertos_xt/Static_Code/IO_Map" -I"E:\Freescale\KDS_v3\eclipse\ProcessorExpert/lib/Kinetis/pdd/inc" -I"E:/Source/repos/coro-mc-wwl-code/freertos_xt/Sources" -I"E:/Source/repos/coro-mc-wwl-code/freertos_xt/Generated_Code" -std=c99 -MMD -MP -MF"Generated_Code/port.d" -MT"Generated_Code/port.o" -c -o "Generated_Code/port.o" "../Generated_Code/port.c"
 
Finished building: ../Generated_Code/mpu_wrappers.c
Building file: ../Generated_Code/queue.c
 
Invoking: Cross ARM C Compiler
arm-none-eabi-gcc -mcpu=cortex-m4 -mthumb -mfloat-abi=hard -mfpu=fpv4-sp-d16 -O0 -fmessage-length=0 -fsigned-char -ffunction-sections -fdata-sections  -g3 -I"E:/Source/repos/coro-mc-wwl-code/freertos_xt/Static_Code/System" -I"E:/Source/repos/coro-mc-wwl-code/freertos_xt/Static_Code/PDD" -I"E:/Source/repos/coro-mc-wwl-code/freertos_xt/Static_Code/IO_Map" -I"E:\Freescale\KDS_v3\eclipse\ProcessorExpert/lib/Kinetis/pdd/inc" -I"E:/Source/repos/coro-mc-wwl-code/freertos_xt/Sources" -I"E:/Source/repos/coro-mc-wwl-code/freertos_xt/Generated_Code" -std=c99 -MMD -MP -MF"Generated_Code/queue.d" -MT"Generated_Code/queue.o" -c -o "Generated_Code/queue.o" "../Generated_Code/queue.c"
Building file: ../Generated_Code/stream_buffer.c
Finished building: ../Generated_Code/pin_mux.c
Invoking: Cross ARM C Compiler
arm-none-eabi-gcc -mcpu=cortex-m4 -mthumb -mfloat-abi=hard -mfpu=fpv4-sp-d16 -O0 -fmessage-length=0 -fsigned-char -ffunction-sections -fdata-sections  -g3 -I"E:/Source/repos/coro-mc-wwl-code/freertos_xt/Static_Code/System" -I"E:/Source/repos/coro-mc-wwl-code/freertos_xt/Static_Code/PDD" -I"E:/Source/repos/coro-mc-wwl-code/freertos_xt/Static_Code/IO_Map" -I"E:\Freescale\KDS_v3\eclipse\ProcessorExpert/lib/Kinetis/pdd/inc" -I"E:/Source/repos/coro-mc-wwl-code/freertos_xt/Sources" -I"E:/Source/repos/coro-mc-wwl-code/freertos_xt/Generated_Code" -std=c99 -MMD -MP -MF"Generated_Code/stream_buffer.d" -MT"Generated_Code/stream_buffer.o" -c -o "Generated_Code/stream_buffer.o" "../Generated_Code/stream_buffer.c"
 
Finished building: ../Generated_Code/port.c
Building file: ../Generated_Code/tasks.c
 
Invoking: Cross ARM C Compiler
arm-none-eabi-gcc -mcpu=cortex-m4 -mthumb -mfloat-abi=hard -mfpu=fpv4-sp-d16 -O0 -fmessage-length=0 -fsigned-char -ffunction-sections -fdata-sections  -g3 -I"E:/Source/repos/coro-mc-wwl-code/freertos_xt/Static_Code/System" -I"E:/Source/repos/coro-mc-wwl-code/freertos_xt/Static_Code/PDD" -I"E:/Source/repos/coro-mc-wwl-code/freertos_xt/Static_Code/IO_Map" -I"E:\Freescale\KDS_v3\eclipse\ProcessorExpert/lib/Kinetis/pdd/inc" -I"E:/Source/repos/coro-mc-wwl-code/freertos_xt/Sources" -I"E:/Source/repos/coro-mc-wwl-code/freertos_xt/Generated_Code" -std=c99 -MMD -MP -MF"Generated_Code/tasks.d" -MT"Generated_Code/tasks.o" -c -o "Generated_Code/tasks.o" "../Generated_Code/tasks.c"
Building file: ../Generated_Code/timers.c
Invoking: Cross ARM C Compiler
arm-none-eabi-gcc -mcpu=cortex-m4 -mthumb -mfloat-abi=hard -mfpu=fpv4-sp-d16 -O0 -fmessage-length=0 -fsigned-char -ffunction-sections -fdata-sections  -g3 -I"E:/Source/repos/coro-mc-wwl-code/freertos_xt/Static_Code/System" -I"E:/Source/repos/coro-mc-wwl-code/freertos_xt/Static_Code/PDD" -I"E:/Source/repos/coro-mc-wwl-code/freertos_xt/Static_Code/IO_Map" -I"E:\Freescale\KDS_v3\eclipse\ProcessorExpert/lib/Kinetis/pdd/inc" -I"E:/Source/repos/coro-mc-wwl-code/freertos_xt/Sources" -I"E:/Source/repos/coro-mc-wwl-code/freertos_xt/Generated_Code" -std=c99 -MMD -MP -MF"Generated_Code/timers.d" -MT"Generated_Code/timers.o" -c -o "Generated_Code/timers.o" "../Generated_Code/timers.c"
Finished building: ../Generated_Code/queue.c
 
Finished building: ../Generated_Code/stream_buffer.c
 
Finished building: ../Generated_Code/tasks.c
Finished building: ../Generated_Code/timers.c
 
 
Building target: freertos_xt.elf
Invoking: Cross ARM C++ Linker
arm-none-eabi-g++ -mcpu=cortex-m4 -mthumb -mfloat-abi=hard -mfpu=fpv4-sp-d16 -O0 -fmessage-length=0 -fsigned-char -ffunction-sections -fdata-sections  -g3 -T "E:/Source/repos/coro-mc-wwl-code/freertos_xt/Project_Settings/Linker_Files/ProcessorExpert.ld" -Xlinker --gc-sections -L"E:/Source/repos/coro-mc-wwl-code/freertos_xt/Project_Settings/Linker_Files" -Wl,-Map,"freertos_xt.map" -specs=nano.specs -specs=nosys.specs -o "freertos_xt.elf"  ./Static_Code/System/CPU_Init.o ./Static_Code/System/Peripherals_Init.o ./Static_Code/System/Vectors.o  ./Sources/Events.o ./Sources/main.o  ./Project_Settings/Startup_Code/startup.o  ./Generated_Code/BitIoLdd1.o ./Generated_Code/Cpu.o ./Generated_Code/FRTOS1.o ./Generated_Code/LED1.o ./Generated_Code/LEDpin1.o ./Generated_Code/MCUC1.o ./Generated_Code/PE_LDD.o ./Generated_Code/UTIL1.o ./Generated_Code/croutine.o ./Generated_Code/event_groups.o ./Generated_Code/heap_1.o ./Generated_Code/heap_2.o ./Generated_Code/heap_3.o ./Generated_Code/heap_4.o ./Generated_Code/heap_5.o ./Generated_Code/heap_useNewlib.o ./Generated_Code/list.o ./Generated_Code/mpu_wrappers.o ./Generated_Code/pin_mux.o ./Generated_Code/port.o ./Generated_Code/queue.o ./Generated_Code/stream_buffer.o ./Generated_Code/tasks.o ./Generated_Code/timers.o   
Finished building target: freertos_xt.elf
 
Invoking: Cross ARM GNU Print Size
arm-none-eabi-size --format=berkeley "freertos_xt.elf"
   text	   data	    bss	    dec	    hex	filename
   8424	    156	   4284	  12864	   3240	freertos_xt.elf
Finished building: freertos_xt.siz
 
17:06:35 **** Incremental Build of configuration Debug for project freertos_xt ****
make -j8 all 
Invoking: Cross ARM GNU Print Size
arm-none-eabi-size --format=berkeley "freertos_xt.elf"
   text	   data	    bss	    dec	    hex	filename
   8424	    156	   4284	  12864	   3240	freertos_xt.elf
Finished building: freertos_xt.siz
 
17:07:39 **** Incremental Build of configuration DebugLLVM for project freertos2_xt ****
make -j8 all 
Invoking: Cross ARM GNU Print Size
arm-none-eabi-size --format=berkeley "freertos2_xt.elf"
   text	   data	    bss	    dec	    hex	filename
   6656	    148	   4284	  11088	   2b50	freertos2_xt.elf
Finished building: freertos2_xt.siz
 
