16:03:12 **** Incremental Build of configuration DebugLLVM_NS for project k22awaitmin_xt ****
make -j8 all 
Building file: ../Sources/Events.c
Invoking: Cross ARM C Compiler
clang -mcpu=cortex-m4 -mthumb -mfloat-abi=hard -mfpu=fpv4-sp-d16 -O3 -fmessage-length=0 -fsigned-char -ffunction-sections -fdata-sections  -g3 -DCONFIG_LLVM_NS -DCOBUILD_EXTERNAL_TIMER -DCOBUILD_MINIMAL -I"E:/Source/repos/coro-mc-wwl-code/k22awaitmin_xt/Static_Code/System" -I"E:/Source/repos/coro-mc-wwl-code/k22awaitmin_xt/Static_Code/PDD" -I"E:/Source/repos/coro-mc-wwl-code/k22awaitmin_xt/Static_Code/IO_Map" -I"E:\Freescale\KDS_v3\eclipse\ProcessorExpert/lib/Kinetis/pdd/inc" -I"E:/Source/repos/coro-mc-wwl-code/k22awaitmin_xt/Sources" -I"E:/Source/repos/coro-mc-wwl-code/k22awaitmin_xt/Generated_Code" -I"C:\Program Files (x86)\GNU Tools ARM Embedded\6 2017-q1-update\arm-none-eabi\include" -I"E:/Source/repos/coro-mc-wwl-code/k22awaitmin_xt/../Shared/Include" -std=c99 -fshort-enums -target armv7m-none-eabi -MMD -MP -MF"Sources/Events.d" -MT"Sources/Events.o" -c -o "Sources/Events.o" "../Sources/Events.c"
Finished building: ../Sources/Events.c
 
Building target: k22awaitmin_xt.elf
Invoking: Cross ARM C++ Linker
arm-none-eabi-g++ -mcpu=cortex-m4 -mthumb -mfloat-abi=hard -mfpu=fpv4-sp-d16 -O3 -fmessage-length=0 -fsigned-char -ffunction-sections -fdata-sections  -g3 -T "E:/Source/repos/coro-mc-wwl-code/k22awaitmin_xt/Project_Settings/Linker_Files/ProcessorExpert.ld" -Xlinker --gc-sections -L"E:/Source/repos/coro-mc-wwl-code/k22awaitmin_xt/Project_Settings/Linker_Files" -Wl,-Map,"k22awaitmin_xt.map" -specs=nano.specs -specs=nosys.specs -o "k22awaitmin_xt.elf"  ./Static_Code/System/CPU_Init.o ./Static_Code/System/Peripherals_Init.o ./Static_Code/System/Vectors.o  ./Sources/Events.o ./Sources/main.o ./Sources/main_cpp.o ./Sources/min_services.o ./Sources/report_cycles.o ./Sources/task_test.o  ./Project_Settings/Startup_Code/startup.o  ./Generated_Code/Bit1.o ./Generated_Code/BitIoLdd1.o ./Generated_Code/Cpu.o ./Generated_Code/PE_LDD.o ./Generated_Code/pin_mux.o   
Finished building target: k22awaitmin_xt.elf
 
Invoking: Cross ARM GNU Print Size
arm-none-eabi-size --format=berkeley "k22awaitmin_xt.elf"
   text	   data	    bss	    dec	    hex	filename
   3920	    144	   1080	   5144	   1418	k22awaitmin_xt.elf
Finished building: k22awaitmin_xt.siz
 

16:03:23 Build Finished (took 10s.703ms)

